Java HotSpot(TM) 64-Bit Server VM (25.101-b13) for bsd-amd64 JRE (1.8.0_101-b13), built on Jun 22 2016 02:42:15 by "java_re" with gcc 4.2.1 (Based on Apple Inc. build 5658) (LLVM build 2336.11.00)
Memory: 4k page, physical 8388608k(291316k free)

/proc/meminfo:

CommandLine flags: -XX:InitialHeapSize=134217728 -XX:MaxHeapSize=2147483648 -XX:+PrintGC -XX:+PrintGCDateStamps -XX:+PrintGCDetails -XX:+PrintGCTimeStamps -XX:+UseCompressedClassPointers -XX:+UseCompressedOops -XX:+UseParallelGC 
2017-03-20T15:48:07.506-0100: 1.427: [GC (Allocation Failure) [PSYoungGen: 33280K->4395K(38400K)] 33280K->4403K(125952K), 0.0075649 secs] [Times: user=0.01 sys=0.00, real=0.01 secs] 
2017-03-20T15:48:07.780-0100: 1.701: [GC (Allocation Failure) [PSYoungGen: 37675K->3924K(38400K)] 37683K->3940K(125952K), 0.0166366 secs] [Times: user=0.02 sys=0.01, real=0.01 secs] 
2017-03-20T15:48:08.018-0100: 1.938: [GC (Allocation Failure) [PSYoungGen: 37204K->3039K(38400K)] 37220K->3063K(125952K), 0.0036638 secs] [Times: user=0.01 sys=0.00, real=0.01 secs] 
2017-03-20T15:48:08.661-0100: 2.581: [GC (Allocation Failure) [PSYoungGen: 36319K->4764K(71680K)] 36343K->4796K(159232K), 0.0077839 secs] [Times: user=0.01 sys=0.01, real=0.00 secs] 
2017-03-20T15:48:09.462-0100: 3.382: [GC (Allocation Failure) [PSYoungGen: 71324K->5112K(71680K)] 71356K->5152K(159232K), 0.0159747 secs] [Times: user=0.02 sys=0.00, real=0.01 secs] 
2017-03-20T15:48:10.418-0100: 4.339: [GC (Allocation Failure) [PSYoungGen: 71672K->6142K(134656K)] 71712K->13085K(222208K), 0.0146074 secs] [Times: user=0.04 sys=0.01, real=0.02 secs] 
2017-03-20T15:48:10.566-0100: 4.486: [GC (Metadata GC Threshold) [PSYoungGen: 19651K->5640K(139264K)] 26595K->14434K(226816K), 0.0128673 secs] [Times: user=0.03 sys=0.00, real=0.01 secs] 
2017-03-20T15:48:10.579-0100: 4.499: [Full GC (Metadata GC Threshold) [PSYoungGen: 5640K->0K(139264K)] [ParOldGen: 8793K->8907K(52736K)] 14434K->8907K(192000K), [Metaspace: 21121K->21121K(1069056K)], 0.0390239 secs] [Times: user=0.12 sys=0.01, real=0.04 secs] 
2017-03-20T15:48:11.851-0100: 5.772: [GC (Allocation Failure) [PSYoungGen: 128512K->6533K(235008K)] 137419K->15449K(287744K), 0.0140941 secs] [Times: user=0.02 sys=0.00, real=0.01 secs] 
2017-03-20T15:48:13.454-0100: 7.375: [GC (Allocation Failure) [PSYoungGen: 234885K->9700K(264192K)] 243801K->19587K(316928K), 0.0200425 secs] [Times: user=0.04 sys=0.01, real=0.02 secs] 
2017-03-20T15:48:15.735-0100: 9.656: [GC (Metadata GC Threshold) [PSYoungGen: 215506K->11257K(339456K)] 225394K->25723K(392192K), 0.0297468 secs] [Times: user=0.06 sys=0.01, real=0.03 secs] 
2017-03-20T15:48:15.765-0100: 9.685: [Full GC (Metadata GC Threshold) [PSYoungGen: 11257K->0K(339456K)] [ParOldGen: 14465K->23243K(85504K)] 25723K->23243K(424960K), [Metaspace: 34892K->34892K(1081344K)], 0.1263988 secs] [Times: user=0.27 sys=0.02, real=0.13 secs] 
2017-03-20T15:48:20.129-0100: 14.050: [GC (Allocation Failure) [PSYoungGen: 328192K->14329K(342528K)] 351435K->42069K(428032K), 0.0440777 secs] [Times: user=0.10 sys=0.01, real=0.05 secs] 
2017-03-20T15:48:22.830-0100: 16.751: [GC (Metadata GC Threshold) [PSYoungGen: 199991K->14350K(451072K)] 227731K->51367K(536576K), 0.0564530 secs] [Times: user=0.09 sys=0.02, real=0.05 secs] 
2017-03-20T15:48:22.887-0100: 16.808: [Full GC (Metadata GC Threshold) [PSYoungGen: 14350K->0K(451072K)] [ParOldGen: 37016K->40700K(124416K)] 51367K->40700K(575488K), [Metaspace: 58092K->58092K(1101824K)], 0.2252868 secs] [Times: user=0.63 sys=0.01, real=0.23 secs] 
2017-03-20T15:48:28.394-0100: 22.315: [GC (Allocation Failure) [PSYoungGen: 433152K->19246K(452608K)] 473852K->59954K(577024K), 0.0505918 secs] [Times: user=0.08 sys=0.01, real=0.05 secs] 
2017-03-20T15:54:32.829-0100: 386.757: [GC (Allocation Failure) [PSYoungGen: 452398K->15189K(545792K)] 493106K->55905K(670208K), 0.0325955 secs] [Times: user=0.07 sys=0.03, real=0.04 secs] 
2017-03-20T16:09:07.131-0100: 1261.074: [GC (Allocation Failure) [PSYoungGen: 545621K->13896K(562688K)] 586337K->54620K(687104K), 0.0794007 secs] [Times: user=0.07 sys=0.12, real=0.08 secs] 
2017-03-20T16:20:59.099-0100: 1973.055: [GC (Allocation Failure) [PSYoungGen: 553544K->19204K(535552K)] 594268K->59937K(659968K), 0.0428757 secs] [Times: user=0.08 sys=0.06, real=0.05 secs] 
2017-03-20T16:25:34.058-0100: 2248.019: [GC (Allocation Failure) [PSYoungGen: 535300K->20848K(515072K)] 576033K->61588K(639488K), 0.0871176 secs] [Times: user=0.13 sys=0.09, real=0.09 secs] 
2017-03-20T16:25:57.779-0100: 2271.740: [GC (Allocation Failure) [PSYoungGen: 514928K->9208K(482304K)] 555668K->64891K(606720K), 0.0475603 secs] [Times: user=0.11 sys=0.02, real=0.05 secs] 
2017-03-20T16:26:17.103-0100: 2291.065: [GC (Allocation Failure) [PSYoungGen: 482296K->5296K(458752K)] 537979K->65723K(583168K), 0.0287896 secs] [Times: user=0.05 sys=0.01, real=0.03 secs] 
2017-03-20T16:26:47.463-0100: 2321.425: [GC (Allocation Failure) [PSYoungGen: 458416K->5296K(439808K)] 518843K->65731K(564224K), 0.0272092 secs] [Times: user=0.04 sys=0.01, real=0.03 secs] 
2017-03-20T16:27:00.419-0100: 2334.382: [GC (Allocation Failure) [PSYoungGen: 439472K->4848K(420864K)] 499907K->65283K(545280K), 0.0258641 secs] [Times: user=0.04 sys=0.01, real=0.03 secs] 
2017-03-20T16:27:07.629-0100: 2341.591: [GC (Allocation Failure) [PSYoungGen: 420592K->4912K(403456K)] 481027K->65347K(527872K), 0.0258280 secs] [Times: user=0.04 sys=0.01, real=0.03 secs] 
2017-03-20T16:27:14.576-0100: 2348.539: [GC (Allocation Failure) [PSYoungGen: 403248K->4912K(387072K)] 463683K->65355K(511488K), 0.0213974 secs] [Times: user=0.04 sys=0.01, real=0.02 secs] 
2017-03-20T16:27:23.532-0100: 2357.495: [GC (Allocation Failure) [PSYoungGen: 386864K->4944K(371200K)] 447307K->65395K(495616K), 0.0192796 secs] [Times: user=0.05 sys=0.01, real=0.02 secs] 
2017-03-20T16:27:24.841-0100: 2358.804: [GC (Allocation Failure) [PSYoungGen: 371024K->7152K(358400K)] 431475K->67611K(482816K), 0.0178322 secs] [Times: user=0.05 sys=0.00, real=0.01 secs] 
2017-03-20T16:36:13.373-0100: 2887.346: [GC (Allocation Failure) [PSYoungGen: 358384K->4912K(342016K)] 418843K->65371K(466432K), 0.0128720 secs] [Times: user=0.04 sys=0.00, real=0.01 secs] 
2017-03-20T16:41:38.796-0100: 3212.774: [GC (Allocation Failure) [PSYoungGen: 341808K->8496K(332288K)] 402267K->68963K(456704K), 0.0374515 secs] [Times: user=0.04 sys=0.02, real=0.04 secs] 
2017-03-20T16:41:39.829-0100: 3213.807: [GC (Allocation Failure) [PSYoungGen: 332080K->11888K(367616K)] 392547K->72363K(492032K), 0.0349167 secs] [Times: user=0.06 sys=0.01, real=0.04 secs] 
2017-03-20T16:41:42.570-0100: 3216.548: [GC (Allocation Failure) [PSYoungGen: 367216K->17744K(413184K)] 427691K->78219K(537600K), 0.0583261 secs] [Times: user=0.07 sys=0.04, real=0.05 secs] 
2017-03-20T16:41:47.466-0100: 3221.444: [GC (Allocation Failure) [PSYoungGen: 413008K->16368K(456192K)] 473483K->83677K(580608K), 0.0654447 secs] [Times: user=0.10 sys=0.04, real=0.07 secs] 
2017-03-20T16:41:52.097-0100: 3226.075: [GC (Allocation Failure) [PSYoungGen: 456176K->23472K(483840K)] 523485K->92389K(608256K), 0.0722615 secs] [Times: user=0.11 sys=0.06, real=0.07 secs] 
2017-03-20T16:41:57.288-0100: 3231.266: [GC (Allocation Failure) [PSYoungGen: 479152K->27776K(517632K)] 548069K->96701K(642048K), 0.1117584 secs] [Times: user=0.10 sys=0.03, real=0.12 secs] 
2017-03-20T16:42:01.741-0100: 3235.719: [GC (Allocation Failure) [PSYoungGen: 514688K->33088K(521728K)] 583613K->102405K(646144K), 0.0507331 secs] [Times: user=0.10 sys=0.01, real=0.05 secs] 
2017-03-20T16:42:07.523-0100: 3241.502: [GC (Allocation Failure) [PSYoungGen: 520000K->35888K(570880K)] 589317K->105429K(695296K), 0.0557640 secs] [Times: user=0.10 sys=0.03, real=0.05 secs] 
2017-03-20T16:42:12.074-0100: 3246.053: [GC (Allocation Failure) [PSYoungGen: 566832K->37872K(575488K)] 636373K->107453K(699904K), 0.0643432 secs] [Times: user=0.09 sys=0.01, real=0.06 secs] 
2017-03-20T16:42:17.692-0100: 3251.671: [GC (Allocation Failure) [PSYoungGen: 568816K->41264K(627200K)] 638397K->110885K(751616K), 0.0731446 secs] [Times: user=0.11 sys=0.03, real=0.07 secs] 
2017-03-20T16:42:24.305-0100: 3258.284: [GC (Allocation Failure) [PSYoungGen: 618800K->42128K(631808K)] 688421K->111781K(756224K), 0.0349204 secs] [Times: user=0.10 sys=0.01, real=0.04 secs] 
2017-03-20T16:42:29.995-0100: 3263.974: [GC (Allocation Failure) [PSYoungGen: 619664K->42352K(633344K)] 689317K->112037K(757760K), 0.0475040 secs] [Times: user=0.10 sys=0.01, real=0.05 secs] 
2017-03-20T16:42:34.539-0100: 3268.518: [GC (Allocation Failure) [PSYoungGen: 617328K->43184K(618496K)] 687013K->112901K(742912K), 0.0375402 secs] [Times: user=0.11 sys=0.00, real=0.04 secs] 
2017-03-20T16:42:40.397-0100: 3274.376: [GC (Allocation Failure) [PSYoungGen: 618160K->45056K(600576K)] 687877K->114993K(724992K), 0.0380833 secs] [Times: user=0.10 sys=0.00, real=0.04 secs] 
2017-03-20T16:42:46.703-0100: 3280.682: [GC (Allocation Failure) [PSYoungGen: 594944K->44672K(570880K)] 664881K->114633K(695296K), 0.0452438 secs] [Times: user=0.11 sys=0.00, real=0.04 secs] 
2017-03-20T16:42:50.581-0100: 3284.560: [GC (Allocation Failure) [PSYoungGen: 570496K->44192K(593408K)] 640457K->116225K(717824K), 0.0841321 secs] [Times: user=0.16 sys=0.01, real=0.08 secs] 
2017-03-20T16:42:55.344-0100: 3289.323: [GC (Allocation Failure) [PSYoungGen: 568480K->43392K(594944K)] 640513K->116926K(719360K), 0.0464123 secs] [Times: user=0.11 sys=0.00, real=0.05 secs] 
2017-03-20T16:42:58.614-0100: 3292.594: [GC (Allocation Failure) [PSYoungGen: 567680K->40864K(626176K)] 641214K->118835K(750592K), 0.0854672 secs] [Times: user=0.14 sys=0.01, real=0.09 secs] 
2017-03-20T16:43:06.328-0100: 3300.307: [GC (Allocation Failure) [PSYoungGen: 598432K->36896K(627200K)] 676403K->119213K(751616K), 0.0781407 secs] [Times: user=0.10 sys=0.00, real=0.08 secs] 
2017-03-20T16:43:11.923-0100: 3305.903: [GC (Allocation Failure) [PSYoungGen: 594464K->32096K(625664K)] 676781K->120664K(750080K), 0.0336320 secs] [Times: user=0.11 sys=0.01, real=0.03 secs] 
2017-03-20T16:43:19.229-0100: 3313.209: [GC (Allocation Failure) [PSYoungGen: 594272K->30576K(626688K)] 682840K->122879K(751104K), 0.1048433 secs] [Times: user=0.10 sys=0.01, real=0.11 secs] 
2017-03-20T16:43:27.994-0100: 3321.974: [GC (Allocation Failure) [PSYoungGen: 592752K->28368K(632832K)] 685055K->126241K(757248K), 0.0446594 secs] [Times: user=0.09 sys=0.01, real=0.04 secs] 
2017-03-20T16:43:35.413-0100: 3329.393: [GC (Allocation Failure) [PSYoungGen: 600784K->31568K(632832K)] 698657K->131990K(757248K), 0.0522864 secs] [Times: user=0.10 sys=0.01, real=0.05 secs] 
2017-03-20T16:43:42.579-0100: 3336.559: [GC (Allocation Failure) [PSYoungGen: 603984K->31568K(579072K)] 704406K->133856K(703488K), 0.0552593 secs] [Times: user=0.11 sys=0.00, real=0.06 secs] 
2017-03-20T16:43:50.229-0100: 3344.209: [GC (Allocation Failure) [PSYoungGen: 578896K->37968K(562176K)] 681184K->141836K(686592K), 0.0617005 secs] [Times: user=0.11 sys=0.01, real=0.07 secs] 
2017-03-20T16:43:57.169-0100: 3351.149: [GC (Allocation Failure) [PSYoungGen: 561744K->36960K(538624K)] 665612K->142029K(663040K), 0.0689329 secs] [Times: user=0.11 sys=0.01, real=0.07 secs] 
2017-03-20T16:44:04.521-0100: 3358.501: [GC (Allocation Failure) [PSYoungGen: 538208K->40832K(520704K)] 643277K->146953K(645120K), 0.0727086 secs] [Times: user=0.13 sys=0.01, real=0.07 secs] 
2017-03-20T16:44:10.864-0100: 3364.844: [GC (Allocation Failure) [PSYoungGen: 520576K->30704K(540160K)] 626697K->145132K(664576K), 0.0814031 secs] [Times: user=0.12 sys=0.01, real=0.08 secs] 
2017-03-20T16:44:15.151-0100: 3369.131: [GC (Allocation Failure) [PSYoungGen: 540144K->39904K(564224K)] 654572K->155729K(688640K), 0.0834567 secs] [Times: user=0.13 sys=0.00, real=0.08 secs] 
2017-03-20T16:44:20.949-0100: 3374.929: [GC (Allocation Failure) [PSYoungGen: 549344K->43168K(602112K)] 665169K->158993K(726528K), 0.0764990 secs] [Times: user=0.13 sys=0.04, real=0.08 secs] 
2017-03-20T16:44:27.950-0100: 3381.930: [GC (Allocation Failure) [PSYoungGen: 591008K->40080K(603136K)] 706833K->156669K(727552K), 0.0574449 secs] [Times: user=0.13 sys=0.00, real=0.05 secs] 
2017-03-20T16:44:33.718-0100: 3387.698: [GC (Allocation Failure) [PSYoungGen: 587920K->42256K(640512K)] 704509K->159513K(764928K), 0.0766134 secs] [Times: user=0.14 sys=0.03, real=0.08 secs] 
2017-03-20T16:44:33.795-0100: 3387.775: [Full GC (Ergonomics) [PSYoungGen: 42256K->0K(640512K)] [ParOldGen: 117257K->80460K(190464K)] 159513K->80460K(830976K), [Metaspace: 79553K->78546K(1120256K)], 0.9076120 secs] [Times: user=1.20 sys=0.21, real=0.91 secs] 
2017-03-20T16:44:42.592-0100: 3396.572: [GC (Allocation Failure) [PSYoungGen: 585728K->21216K(641024K)] 666188K->101677K(831488K), 0.0509298 secs] [Times: user=0.07 sys=0.01, real=0.05 secs] 
2017-03-20T16:44:47.659-0100: 3401.639: [GC (Allocation Failure) [PSYoungGen: 606944K->20336K(641536K)] 687405K->100797K(832000K), 0.0375319 secs] [Times: user=0.09 sys=0.00, real=0.04 secs] 
2017-03-20T16:44:54.888-0100: 3408.869: [GC (Allocation Failure) [PSYoungGen: 605552K->29680K(614912K)] 686013K->110141K(805376K), 0.0475318 secs] [Times: user=0.10 sys=0.01, real=0.05 secs] 
2017-03-20T16:45:01.160-0100: 3415.140: [GC (Allocation Failure) [PSYoungGen: 614896K->27008K(642048K)] 695357K->107469K(832512K), 0.0440024 secs] [Times: user=0.10 sys=0.01, real=0.04 secs] 
2017-03-20T16:45:08.184-0100: 3422.164: [GC (Allocation Failure) [PSYoungGen: 613760K->34816K(641024K)] 694221K->115277K(831488K), 0.0383684 secs] [Times: user=0.10 sys=0.01, real=0.04 secs] 
2017-03-20T16:45:13.879-0100: 3427.860: [GC (Allocation Failure) [PSYoungGen: 621568K->37328K(642560K)] 702029K->117789K(833024K), 0.0871880 secs] [Times: user=0.13 sys=0.01, real=0.09 secs] 
2017-03-20T16:45:21.246-0100: 3435.227: [GC (Allocation Failure) [PSYoungGen: 627152K->42416K(642048K)] 707613K->122877K(832512K), 0.0897571 secs] [Times: user=0.11 sys=0.00, real=0.09 secs] 
2017-03-20T16:45:29.115-0100: 3443.096: [GC (Allocation Failure) [PSYoungGen: 632240K->53008K(634880K)] 712701K->133469K(825344K), 0.0694958 secs] [Times: user=0.13 sys=0.02, real=0.07 secs] 
2017-03-20T16:45:36.222-0100: 3450.203: [GC (Allocation Failure) [PSYoungGen: 634128K->51200K(632832K)] 714589K->131661K(823296K), 0.0749682 secs] [Times: user=0.12 sys=0.00, real=0.07 secs] 
2017-03-20T16:45:42.343-0100: 3456.324: [GC (Allocation Failure) [PSYoungGen: 632320K->52560K(630784K)] 712781K->133021K(821248K), 0.0572915 secs] [Times: user=0.13 sys=0.00, real=0.06 secs] 
2017-03-20T16:45:49.012-0100: 3462.993: [GC (Allocation Failure) [PSYoungGen: 621392K->52496K(621568K)] 701853K->132957K(812032K), 0.0790680 secs] [Times: user=0.14 sys=0.01, real=0.08 secs] 
2017-03-20T16:45:54.498-0100: 3468.479: [GC (Allocation Failure) [PSYoungGen: 621328K->65088K(619008K)] 701789K->145549K(809472K), 0.1060784 secs] [Times: user=0.16 sys=0.01, real=0.11 secs] 
2017-03-20T16:46:00.361-0100: 3474.342: [GC (Allocation Failure) [PSYoungGen: 616512K->65552K(617472K)] 696973K->146013K(807936K), 0.0718055 secs] [Times: user=0.16 sys=0.01, real=0.07 secs] 
2017-03-20T16:46:06.003-0100: 3479.984: [GC (Allocation Failure) [PSYoungGen: 616976K->70240K(608256K)] 697437K->150701K(798720K), 0.0690958 secs] [Times: user=0.14 sys=0.00, real=0.07 secs] 
2017-03-20T16:46:11.899-0100: 3485.881: [GC (Allocation Failure) [PSYoungGen: 599136K->60720K(589824K)] 679597K->141181K(780288K), 0.0833367 secs] [Times: user=0.16 sys=0.00, real=0.09 secs] 
2017-03-20T16:46:17.910-0100: 3491.891: [GC (Allocation Failure) [PSYoungGen: 589616K->72992K(602624K)] 670077K->158278K(793088K), 0.1251832 secs] [Times: user=0.18 sys=0.00, real=0.12 secs] 
2017-03-20T16:46:23.057-0100: 3497.038: [GC (Allocation Failure) [PSYoungGen: 589600K->64208K(581120K)] 674886K->152091K(771584K), 0.1120605 secs] [Times: user=0.17 sys=0.01, real=0.11 secs] 
2017-03-20T16:46:29.302-0100: 3503.283: [GC (Allocation Failure) [PSYoungGen: 580816K->66416K(604672K)] 668699K->157053K(795136K), 0.0796612 secs] [Times: user=0.14 sys=0.00, real=0.08 secs] 
2017-03-20T16:46:36.251-0100: 3510.232: [GC (Allocation Failure) [PSYoungGen: 578928K->72418K(585216K)] 669565K->165777K(775680K), 0.0790737 secs] [Times: user=0.14 sys=0.00, real=0.08 secs] 
2017-03-20T16:46:41.233-0100: 3515.214: [GC (Allocation Failure) [PSYoungGen: 584930K->68033K(601600K)] 678289K->163750K(792064K), 0.1451978 secs] [Times: user=0.16 sys=0.00, real=0.14 secs] 
2017-03-20T16:46:46.938-0100: 3520.919: [GC (Allocation Failure) [PSYoungGen: 573377K->68448K(602112K)] 669094K->168779K(792576K), 0.0857029 secs] [Times: user=0.13 sys=0.01, real=0.09 secs] 
2017-03-20T16:46:52.826-0100: 3526.808: [GC (Allocation Failure) [PSYoungGen: 573792K->72146K(599040K)] 674123K->174871K(789504K), 0.1254005 secs] [Times: user=0.16 sys=0.07, real=0.13 secs] 
2017-03-20T16:47:00.361-0100: 3534.342: [GC (Allocation Failure) [PSYoungGen: 574418K->74256K(577024K)] 677143K->180831K(767488K), 0.1077131 secs] [Times: user=0.14 sys=0.04, real=0.10 secs] 
2017-03-20T16:47:06.792-0100: 3540.773: [GC (Allocation Failure) [PSYoungGen: 576528K->76146K(595968K)] 683103K->184831K(786432K), 0.0570167 secs] [Times: user=0.14 sys=0.00, real=0.05 secs] 
2017-03-20T16:47:13.617-0100: 3547.599: [GC (Allocation Failure) [PSYoungGen: 572274K->72992K(597504K)] 680959K->183129K(787968K), 0.0762030 secs] [Times: user=0.15 sys=0.00, real=0.08 secs] 
2017-03-20T16:47:21.082-0100: 3555.064: [GC (Allocation Failure) [PSYoungGen: 569120K->76946K(595456K)] 679257K->187083K(785920K), 0.0661798 secs] [Times: user=0.13 sys=0.00, real=0.06 secs] 
2017-03-20T16:47:28.583-0100: 3562.565: [GC (Allocation Failure) [PSYoungGen: 571026K->73008K(596480K)] 681163K->183145K(786944K), 0.0802229 secs] [Times: user=0.16 sys=0.00, real=0.08 secs] 
2017-03-20T16:47:35.223-0100: 3569.205: [GC (Allocation Failure) [PSYoungGen: 567088K->75248K(595968K)] 677225K->186694K(786432K), 0.0748559 secs] [Times: user=0.16 sys=0.01, real=0.07 secs] 
2017-03-20T16:47:42.966-0100: 3576.948: [GC (Allocation Failure) [PSYoungGen: 569840K->82562K(577536K)] 681286K->195761K(768000K), 0.1418660 secs] [Times: user=0.16 sys=0.10, real=0.14 secs] 
2017-03-20T16:47:51.109-0100: 3585.091: [GC (Allocation Failure) [PSYoungGen: 577154K->82786K(590848K)] 690353K->197002K(781312K), 0.1696137 secs] [Times: user=0.19 sys=0.01, real=0.17 secs] 
2017-03-20T16:47:58.499-0100: 3592.481: [GC (Allocation Failure) [PSYoungGen: 569698K->80018K(592896K)] 683914K->196103K(783360K), 0.0772501 secs] [Times: user=0.19 sys=0.00, real=0.08 secs] 
2017-03-20T16:48:07.518-0100: 3601.501: [GC (Allocation Failure) [PSYoungGen: 566930K->77152K(590848K)] 683015K->194746K(781312K), 0.1003258 secs] [Times: user=0.19 sys=0.00, real=0.10 secs] 
2017-03-20T16:48:15.863-0100: 3609.846: [GC (Allocation Failure) [PSYoungGen: 564064K->82880K(591872K)] 681658K->201829K(782336K), 0.1404573 secs] [Times: user=0.20 sys=0.00, real=0.14 secs] 
2017-03-20T16:48:24.528-0100: 3618.511: [GC (Allocation Failure) [PSYoungGen: 569792K->82512K(591872K)] 688741K->203334K(782336K), 0.0819004 secs] [Times: user=0.15 sys=0.13, real=0.09 secs] 
2017-03-20T16:48:33.507-0100: 3627.490: [GC (Allocation Failure) [PSYoungGen: 568400K->81584K(592384K)] 689222K->203327K(782848K), 0.0802271 secs] [Times: user=0.15 sys=0.09, real=0.08 secs] 
2017-03-20T16:48:42.730-0100: 3636.713: [GC (Allocation Failure) [PSYoungGen: 567472K->86816K(589824K)] 689215K->210373K(780288K), 0.1559163 secs] [Times: user=0.19 sys=0.03, real=0.15 secs] 
2017-03-20T16:48:52.131-0100: 3646.114: [GC (Allocation Failure) [PSYoungGen: 570656K->83888K(591360K)] 694213K->208105K(781824K), 0.0918032 secs] [Times: user=0.18 sys=0.00, real=0.09 secs] 
2017-03-20T16:49:02.056-0100: 3656.039: [GC (Allocation Failure) [PSYoungGen: 567728K->91232K(587264K)] 691945K->216134K(777728K), 0.2161927 secs] [Times: user=0.19 sys=0.13, real=0.22 secs] 
2017-03-20T16:49:11.786-0100: 3665.770: [GC (Allocation Failure) [PSYoungGen: 570976K->89424K(569344K)] 695878K->215118K(759808K), 0.1074626 secs] [Times: user=0.16 sys=0.00, real=0.11 secs] 
2017-03-20T16:49:20.793-0100: 3674.776: [GC (Allocation Failure) [PSYoungGen: 569168K->89344K(586752K)] 694862K->215626K(777216K), 0.1350672 secs] [Times: user=0.18 sys=0.11, real=0.13 secs] 
2017-03-20T16:49:31.248-0100: 3685.232: [GC (Allocation Failure) [PSYoungGen: 564992K->99920K(576000K)] 691274K->227119K(766464K), 0.1035984 secs] [Times: user=0.18 sys=0.14, real=0.11 secs] 
2017-03-20T16:49:41.227-0100: 3695.211: [GC (Allocation Failure) [PSYoungGen: 575568K->95552K(580096K)] 702767K->224055K(770560K), 0.0695141 secs] [Times: user=0.18 sys=0.00, real=0.07 secs] 
2017-03-20T16:49:49.812-0100: 3703.796: [GC (Allocation Failure) [PSYoungGen: 559936K->98544K(563200K)] 688439K->228771K(753664K), 0.1946219 secs] [Times: user=0.19 sys=0.11, real=0.19 secs] 
2017-03-20T16:49:59.207-0100: 3713.191: [GC (Allocation Failure) [PSYoungGen: 562928K->102320K(573952K)] 693155K->233580K(764416K), 0.3275459 secs] [Times: user=0.18 sys=0.15, real=0.33 secs] 
2017-03-20T16:50:09.038-0100: 3723.022: [GC (Allocation Failure) [PSYoungGen: 556464K->78160K(576512K)] 687724K->213730K(766976K), 0.0957164 secs] [Times: user=0.20 sys=0.00, real=0.10 secs] 
2017-03-20T16:50:17.348-0100: 3731.332: [GC (Allocation Failure) [PSYoungGen: 532304K->99441K(575488K)] 667874K->237420K(765952K), 0.2449692 secs] [Times: user=0.18 sys=0.13, real=0.25 secs] 
2017-03-20T16:50:27.406-0100: 3741.390: [GC (Allocation Failure) [PSYoungGen: 554609K->79248K(534528K)] 692588K->221082K(724992K), 0.0938239 secs] [Times: user=0.15 sys=0.07, real=0.10 secs] 
2017-03-20T16:50:37.488-0100: 3751.472: [GC (Allocation Failure) [PSYoungGen: 534416K->85104K(579584K)] 676250K->229804K(770048K), 0.0912491 secs] [Times: user=0.15 sys=0.13, real=0.09 secs] 
2017-03-20T16:50:47.297-0100: 3761.282: [GC (Allocation Failure) [PSYoungGen: 544880K->84816K(576512K)] 689580K->231477K(766976K), 0.1477490 secs] [Times: user=0.15 sys=0.02, real=0.15 secs] 
2017-03-20T16:50:58.262-0100: 3772.247: [GC (Allocation Failure) [PSYoungGen: 544592K->90496K(577536K)] 691253K->238743K(768000K), 0.0827675 secs] [Times: user=0.16 sys=0.13, real=0.08 secs] 
2017-03-20T16:51:09.148-0100: 3783.133: [GC (Allocation Failure) [PSYoungGen: 553856K->93024K(576512K)] 702103K->241271K(766976K), 0.0764000 secs] [Times: user=0.16 sys=0.12, real=0.08 secs] 
2017-03-20T16:51:19.004-0100: 3792.989: [GC (Allocation Failure) [PSYoungGen: 556384K->87920K(583168K)] 704631K->236167K(773632K), 0.0973625 secs] [Times: user=0.15 sys=0.14, real=0.10 secs] 
2017-03-20T16:51:28.882-0100: 3802.867: [GC (Allocation Failure) [PSYoungGen: 560979K->86689K(583680K)] 709226K->236875K(774144K), 0.1920858 secs] [Times: user=0.15 sys=0.12, real=0.19 secs] 
2017-03-20T16:51:39.421-0100: 3813.407: [GC (Allocation Failure) [PSYoungGen: 559777K->86784K(586240K)] 709963K->238568K(776704K), 0.0807535 secs] [Times: user=0.15 sys=0.12, real=0.08 secs] 
2017-03-20T16:51:50.074-0100: 3824.060: [GC (Allocation Failure) [PSYoungGen: 567040K->84592K(586240K)] 718824K->236924K(776704K), 0.1325873 secs] [Times: user=0.15 sys=0.02, real=0.13 secs] 
2017-03-20T16:52:01.234-0100: 3835.219: [GC (Allocation Failure) [PSYoungGen: 564848K->96769K(590336K)] 717180K->249607K(780800K), 0.0765950 secs] [Times: user=0.16 sys=0.12, real=0.08 secs] 
2017-03-20T16:52:12.562-0100: 3846.549: [GC (Allocation Failure) [PSYoungGen: 582145K->89777K(591872K)] 734983K->243107K(782336K), 0.0839031 secs] [Times: user=0.16 sys=0.13, real=0.08 secs] 
2017-03-20T16:52:23.156-0100: 3857.142: [GC (Allocation Failure) [PSYoungGen: 575153K->82817K(589824K)] 728483K->236443K(780288K), 0.1342860 secs] [Times: user=0.14 sys=0.00, real=0.14 secs] 
2017-03-20T16:52:35.330-0100: 3869.316: [GC (Allocation Failure) [PSYoungGen: 569729K->86400K(591360K)] 723355K->240447K(781824K), 0.0811018 secs] [Times: user=0.15 sys=0.12, real=0.08 secs] 
2017-03-20T16:52:48.498-0100: 3882.485: [GC (Allocation Failure) [PSYoungGen: 573312K->86689K(590848K)] 727359K->241263K(781312K), 0.0806936 secs] [Times: user=0.15 sys=0.12, real=0.08 secs] 
2017-03-20T16:53:01.707-0100: 3895.694: [GC (Allocation Failure) [PSYoungGen: 577697K->94176K(592896K)] 732271K->249003K(783360K), 0.0881286 secs] [Times: user=0.16 sys=0.13, real=0.09 secs] 
2017-03-20T16:53:14.599-0100: 3908.586: [GC (Allocation Failure) [PSYoungGen: 585184K->85521K(595968K)] 740011K->240700K(786432K), 0.0737594 secs] [Times: user=0.15 sys=0.12, real=0.08 secs] 
2017-03-20T16:53:27.814-0100: 3921.802: [GC (Allocation Failure) [PSYoungGen: 579601K->82432K(595968K)] 734780K->238260K(786432K), 0.1307701 secs] [Times: user=0.14 sys=0.15, real=0.13 secs] 
2017-03-20T16:53:41.751-0100: 3935.739: [GC (Allocation Failure) [PSYoungGen: 576512K->89169K(596480K)] 732340K->245500K(786944K), 0.0727913 secs] [Times: user=0.15 sys=0.12, real=0.07 secs] 
2017-03-20T16:53:55.928-0100: 3949.916: [GC (Allocation Failure) [PSYoungGen: 584781K->87744K(596480K)] 741113K->244484K(786944K), 0.0742795 secs] [Times: user=0.15 sys=0.11, real=0.08 secs] 
2017-03-20T16:54:10.132-0100: 3964.120: [GC (Allocation Failure) [PSYoungGen: 583360K->85760K(596992K)] 740100K->242868K(787456K), 0.0740274 secs] [Times: user=0.15 sys=0.08, real=0.07 secs] 
2017-03-20T16:54:24.481-0100: 3978.470: [GC (Allocation Failure) [PSYoungGen: 583424K->84865K(596480K)] 740532K->242448K(786944K), 0.0751543 secs] [Times: user=0.15 sys=0.11, real=0.07 secs] 
2017-03-20T16:54:39.091-0100: 3993.080: [GC (Allocation Failure) [PSYoungGen: 582529K->85697K(599040K)] 740112K->243585K(789504K), 0.0806015 secs] [Times: user=0.15 sys=0.12, real=0.08 secs] 
2017-03-20T16:54:53.994-0100: 4007.983: [GC (Allocation Failure) [PSYoungGen: 586945K->91362K(598528K)] 744833K->249590K(788992K), 0.1681365 secs] [Times: user=0.15 sys=0.19, real=0.17 secs] 
2017-03-20T16:55:08.659-0100: 4022.648: [GC (Allocation Failure) [PSYoungGen: 592610K->86240K(600064K)] 750838K->244785K(790528K), 0.0696103 secs] [Times: user=0.14 sys=0.11, real=0.07 secs] 
2017-03-20T16:55:24.703-0100: 4038.693: [GC (Allocation Failure) [PSYoungGen: 590048K->90800K(600576K)] 748593K->249557K(791040K), 0.0824177 secs] [Times: user=0.15 sys=0.12, real=0.08 secs] 
2017-03-20T16:55:40.396-0100: 4054.386: [GC (Allocation Failure) [PSYoungGen: 594608K->88128K(601600K)] 753365K->247133K(792064K), 0.0749741 secs] [Times: user=0.15 sys=0.12, real=0.08 secs] 
2017-03-20T16:55:56.032-0100: 4070.022: [GC (Allocation Failure) [PSYoungGen: 592915K->85937K(590848K)] 751920K->245154K(781312K), 0.0835904 secs] [Times: user=0.15 sys=0.12, real=0.08 secs] 
2017-03-20T16:56:13.227-0100: 4087.217: [GC (Allocation Failure) [PSYoungGen: 590769K->90752K(600576K)] 749986K->250245K(791040K), 0.0757811 secs] [Times: user=0.15 sys=0.12, real=0.08 secs] 
2017-03-20T16:56:30.869-0100: 4104.859: [GC (Allocation Failure) [PSYoungGen: 595584K->96240K(601088K)] 755077K->258112K(791552K), 0.0744010 secs] [Times: user=0.16 sys=0.10, real=0.08 secs] 
2017-03-20T16:56:48.065-0100: 4122.056: [GC (Allocation Failure) [PSYoungGen: 601072K->97073K(593920K)] 762944K->259404K(784384K), 0.0820184 secs] [Times: user=0.17 sys=0.13, real=0.08 secs] 
2017-03-20T16:57:04.555-0100: 4138.546: [GC (Allocation Failure) [PSYoungGen: 593201K->101345K(597504K)] 755532K->267172K(787968K), 0.1157134 secs] [Times: user=0.18 sys=0.16, real=0.12 secs] 
2017-03-20T16:57:21.631-0100: 4155.622: [GC (Allocation Failure) [PSYoungGen: 597473K->101361K(577024K)] 763300K->276011K(767488K), 0.1065399 secs] [Times: user=0.19 sys=0.17, real=0.10 secs] 
2017-03-20T16:57:38.361-0100: 4172.353: [GC (Allocation Failure) [PSYoungGen: 577009K->111584K(587264K)] 751659K->286955K(777728K), 0.1029459 secs] [Times: user=0.20 sys=0.15, real=0.10 secs] 
2017-03-20T16:57:54.895-0100: 4188.887: [GC (Allocation Failure) [PSYoungGen: 587232K->111585K(563712K)] 762603K->294444K(754176K), 0.1034141 secs] [Times: user=0.21 sys=0.16, real=0.10 secs] 
2017-03-20T16:58:10.461-0100: 4204.454: [GC (Allocation Failure) [PSYoungGen: 563681K->122130K(574464K)] 746540K->307494K(764928K), 0.1233949 secs] [Times: user=0.22 sys=0.17, real=0.12 secs] 
2017-03-20T16:58:10.585-0100: 4204.578: [Full GC (Ergonomics) [PSYoungGen: 122130K->0K(574464K)] [ParOldGen: 185363K->141622K(278528K)] 307494K->141622K(852992K), [Metaspace: 78724K->78724K(1120256K)], 0.7055859 secs] [Times: user=1.03 sys=0.39, real=0.71 secs] 
2017-03-20T16:58:26.443-0100: 4220.436: [GC (Allocation Failure) [PSYoungGen: 452096K->100721K(568320K)] 593718K->242344K(846848K), 0.0784538 secs] [Times: user=0.15 sys=0.12, real=0.08 secs] 
2017-03-20T16:58:41.594-0100: 4235.587: [GC (Allocation Failure) [PSYoungGen: 544625K->101393K(571392K)] 686248K->243015K(849920K), 0.1222824 secs] [Times: user=0.16 sys=0.17, real=0.12 secs] 
2017-03-20T16:58:57.071-0100: 4251.064: [GC (Allocation Failure) [PSYoungGen: 545297K->101955K(566272K)] 686919K->243578K(844800K), 0.0827969 secs] [Times: user=0.16 sys=0.13, real=0.08 secs] 
2017-03-20T16:59:12.169-0100: 4266.162: [GC (Allocation Failure) [PSYoungGen: 547907K->106321K(569344K)] 689530K->247944K(847872K), 0.0882508 secs] [Times: user=0.16 sys=0.13, real=0.09 secs] 
2017-03-20T16:59:27.068-0100: 4281.062: [GC (Allocation Failure) [PSYoungGen: 552273K->115539K(569344K)] 693896K->257162K(847872K), 0.0860374 secs] [Times: user=0.18 sys=0.13, real=0.09 secs] 
2017-03-20T16:59:41.350-0100: 4295.345: [GC (Allocation Failure) [PSYoungGen: 561491K->114721K(561152K)] 703114K->256344K(839680K), 0.0992355 secs] [Times: user=0.19 sys=0.14, real=0.10 secs] 
2017-03-20T16:59:55.869-0100: 4309.863: [GC (Allocation Failure) [PSYoungGen: 560673K->119761K(563200K)] 702296K->261384K(841728K), 0.1171915 secs] [Times: user=0.19 sys=0.16, real=0.12 secs] 
2017-03-20T17:00:11.236-0100: 4325.230: [GC (Allocation Failure) [PSYoungGen: 554449K->116371K(551424K)] 696072K->257994K(829952K), 0.0919484 secs] [Times: user=0.18 sys=0.14, real=0.09 secs] 
2017-03-20T17:00:25.718-0100: 4339.713: [GC (Allocation Failure) [PSYoungGen: 551059K->118273K(562176K)] 692682K->259896K(840704K), 0.1120529 secs] [Times: user=0.18 sys=0.16, real=0.12 secs] 
2017-03-20T17:00:41.972-0100: 4355.967: [GC (Allocation Failure) [PSYoungGen: 546817K->126179K(555008K)] 688440K->267802K(833536K), 0.0926595 secs] [Times: user=0.20 sys=0.14, real=0.09 secs] 
2017-03-20T17:00:57.062-0100: 4371.057: [GC (Allocation Failure) [PSYoungGen: 554723K->126145K(552448K)] 696346K->267768K(830976K), 0.1444622 secs] [Times: user=0.21 sys=0.19, real=0.14 secs] 
2017-03-20T17:01:11.784-0100: 4385.780: [GC (Allocation Failure) [PSYoungGen: 539329K->125009K(538624K)] 680952K->266632K(817152K), 0.1167045 secs] [Times: user=0.20 sys=0.17, real=0.12 secs] 
2017-03-20T17:01:26.739-0100: 4400.735: [GC (Allocation Failure) [PSYoungGen: 538193K->131649K(546816K)] 679816K->273272K(825344K), 0.0933538 secs] [Times: user=0.20 sys=0.13, real=0.10 secs] 
2017-03-20T17:01:42.266-0100: 4416.262: [GC (Allocation Failure) [PSYoungGen: 533569K->126689K(528896K)] 675192K->268311K(807424K), 0.1012736 secs] [Times: user=0.21 sys=0.14, real=0.10 secs] 
2017-03-20T17:01:55.455-0100: 4429.451: [GC (Allocation Failure) [PSYoungGen: 528609K->128449K(546816K)] 670231K->270072K(825344K), 0.0992912 secs] [Times: user=0.21 sys=0.15, real=0.10 secs] 
2017-03-20T17:02:09.043-0100: 4443.040: [GC (Allocation Failure) [PSYoungGen: 525249K->107041K(504320K)] 666872K->271949K(782848K), 0.1198282 secs] [Times: user=0.21 sys=0.19, real=0.12 secs] 
2017-03-20T17:02:22.577-0100: 4456.574: [GC (Allocation Failure) [PSYoungGen: 503841K->100433K(548352K)] 668749K->269399K(826880K), 0.0884189 secs] [Times: user=0.18 sys=0.13, real=0.09 secs] 
2017-03-20T17:02:36.788-0100: 4470.785: [GC (Allocation Failure) [PSYoungGen: 499273K->100209K(547328K)] 668240K->271684K(825856K), 0.0934068 secs] [Times: user=0.17 sys=0.13, real=0.10 secs] 
2017-03-20T17:02:51.122-0100: 4485.120: [GC (Allocation Failure) [PSYoungGen: 499057K->103140K(547840K)] 670532K->277077K(826368K), 0.1212053 secs] [Times: user=0.17 sys=0.17, real=0.12 secs] 
2017-03-20T17:03:05.232-0100: 4499.230: [GC (Allocation Failure) [PSYoungGen: 505572K->100945K(548352K)] 679509K->276322K(826880K), 0.0874608 secs] [Times: user=0.16 sys=0.13, real=0.08 secs] 
2017-03-20T17:03:18.377-0100: 4512.375: [GC (Allocation Failure) [PSYoungGen: 503377K->93073K(551936K)] 678754K->269443K(830464K), 0.0841012 secs] [Times: user=0.15 sys=0.12, real=0.09 secs] 
2017-03-20T17:03:32.817-0100: 4526.815: [GC (Allocation Failure) [PSYoungGen: 500625K->95489K(551936K)] 676995K->272843K(830464K), 0.0854215 secs] [Times: user=0.16 sys=0.13, real=0.09 secs] 
2017-03-20T17:03:46.725-0100: 4540.724: [GC (Allocation Failure) [PSYoungGen: 503041K->93809K(553472K)] 680395K->271628K(832000K), 0.0690008 secs] [Times: user=0.15 sys=0.11, real=0.07 secs] 
2017-03-20T17:04:01.239-0100: 4555.237: [GC (Allocation Failure) [PSYoungGen: 504945K->88737K(552960K)] 682764K->267040K(831488K), 0.0778980 secs] [Times: user=0.15 sys=0.12, real=0.08 secs] 
2017-03-20T17:04:15.421-0100: 4569.420: [GC (Allocation Failure) [PSYoungGen: 499873K->92832K(555008K)] 678176K->271464K(833536K), 0.0907144 secs] [Times: user=0.15 sys=0.14, real=0.09 secs] 
2017-03-20T17:04:29.163-0100: 4583.163: [GC (Allocation Failure) [PSYoungGen: 508576K->94081K(555520K)] 687208K->273052K(834048K), 0.0802565 secs] [Times: user=0.15 sys=0.11, real=0.08 secs] 
2017-03-20T17:04:42.088-0100: 4596.087: [GC (Allocation Failure) [PSYoungGen: 509825K->91281K(557568K)] 688796K->270536K(836096K), 0.0676168 secs] [Times: user=0.15 sys=0.10, real=0.07 secs] 
2017-03-20T17:04:56.106-0100: 4610.105: [GC (Allocation Failure) [PSYoungGen: 512657K->95391K(557568K)] 691912K->274891K(836096K), 0.0965816 secs] [Times: user=0.16 sys=0.14, real=0.10 secs] 
2017-03-20T17:05:10.133-0100: 4624.133: [GC (Allocation Failure) [PSYoungGen: 516767K->96015K(560128K)] 696267K->275763K(838656K), 0.0791616 secs] [Times: user=0.15 sys=0.12, real=0.08 secs] 
2017-03-20T17:05:23.784-0100: 4637.784: [GC (Allocation Failure) [PSYoungGen: 525071K->96988K(560128K)] 704819K->277007K(838656K), 0.0696216 secs] [Times: user=0.15 sys=0.10, real=0.07 secs] 
2017-03-20T17:05:37.755-0100: 4651.755: [GC (Allocation Failure) [PSYoungGen: 526044K->96476K(565760K)] 706063K->276732K(844288K), 0.0867737 secs] [Times: user=0.15 sys=0.13, real=0.09 secs] 
2017-03-20T17:05:51.296-0100: 4665.296: [GC (Allocation Failure) [PSYoungGen: 535260K->93980K(565248K)] 715516K->274428K(843776K), 0.0977064 secs] [Times: user=0.15 sys=0.15, real=0.10 secs] 
2017-03-20T17:06:05.351-0100: 4679.352: [GC (Allocation Failure) [PSYoungGen: 532764K->93244K(570880K)] 713212K->273904K(849408K), 0.0866972 secs] [Times: user=0.14 sys=0.13, real=0.08 secs] 
2017-03-20T17:06:21.951-0100: 4695.953: [GC (Allocation Failure) [PSYoungGen: 540220K->93820K(570368K)] 720880K->274640K(848896K), 0.0942491 secs] [Times: user=0.15 sys=0.14, real=0.09 secs] 
2017-03-20T17:06:36.893-0100: 4710.895: [GC (Allocation Failure) [PSYoungGen: 540796K->101708K(573952K)] 721616K->282700K(852480K), 0.0745713 secs] [Times: user=0.16 sys=0.11, real=0.07 secs] 
2017-03-20T17:06:51.306-0100: 4725.308: [GC (Allocation Failure) [PSYoungGen: 554316K->99772K(572928K)] 735308K->280912K(851456K), 0.0727485 secs] [Times: user=0.15 sys=0.11, real=0.07 secs] 
2017-03-20T17:07:06.923-0100: 4740.925: [GC (Allocation Failure) [PSYoungGen: 552380K->95388K(577024K)] 733520K->276648K(855552K), 0.0712323 secs] [Times: user=0.14 sys=0.10, real=0.07 secs] 
2017-03-20T17:07:21.926-0100: 4755.928: [GC (Allocation Failure) [PSYoungGen: 554140K->92364K(576000K)] 735400K->273904K(854528K), 0.0928431 secs] [Times: user=0.15 sys=0.13, real=0.09 secs] 
2017-03-20T17:07:37.530-0100: 4771.533: [GC (Allocation Failure) [PSYoungGen: 551116K->100780K(580608K)] 732656K->282552K(859136K), 0.1160944 secs] [Times: user=0.16 sys=0.16, real=0.11 secs] 
2017-03-20T17:07:54.585-0100: 4788.588: [GC (Allocation Failure) [PSYoungGen: 565164K->99456K(580096K)] 746936K->281400K(858624K), 0.0682042 secs] [Times: user=0.15 sys=0.10, real=0.07 secs] 
2017-03-20T17:08:11.272-0100: 4805.276: [GC (Allocation Failure) [PSYoungGen: 563840K->94108K(582144K)] 745784K->276184K(860672K), 0.1125550 secs] [Times: user=0.16 sys=0.16, real=0.11 secs] 
2017-03-20T17:08:28.887-0100: 4822.891: [GC (Allocation Failure) [PSYoungGen: 562076K->97404K(581632K)] 744152K->279636K(860160K), 0.0767033 secs] [Times: user=0.15 sys=0.12, real=0.08 secs] 
2017-03-20T17:08:45.739-0100: 4839.743: [GC (Allocation Failure) [PSYoungGen: 565372K->103281K(582656K)] 747604K->285645K(861184K), 0.0825660 secs] [Times: user=0.16 sys=0.12, real=0.09 secs] 
2017-03-20T17:09:02.729-0100: 4856.734: [GC (Allocation Failure) [PSYoungGen: 573809K->95233K(583168K)] 756173K->277752K(861696K), 0.0788881 secs] [Times: user=0.14 sys=0.11, real=0.08 secs] 
2017-03-20T17:09:18.638-0100: 4872.642: [GC (Allocation Failure) [PSYoungGen: 565761K->96705K(584704K)] 748280K->279428K(863232K), 0.0718633 secs] [Times: user=0.15 sys=0.10, real=0.08 secs] 
2017-03-20T17:09:34.347-0100: 4888.351: [GC (Allocation Failure) [PSYoungGen: 571329K->95905K(585216K)] 754052K->278768K(863744K), 0.0676439 secs] [Times: user=0.14 sys=0.10, real=0.07 secs] 
2017-03-20T17:09:51.372-0100: 4905.377: [GC (Allocation Failure) [PSYoungGen: 570529K->99185K(587776K)] 753392K->282373K(866304K), 0.0672768 secs] [Times: user=0.15 sys=0.09, real=0.06 secs] 
2017-03-20T17:10:07.638-0100: 4921.643: [GC (Allocation Failure) [PSYoungGen: 577905K->93937K(587776K)] 761093K->277281K(866304K), 0.0623009 secs] [Times: user=0.14 sys=0.09, real=0.07 secs] 
2017-03-20T17:10:24.609-0100: 4938.614: [GC (Allocation Failure) [PSYoungGen: 572657K->94721K(589312K)] 756001K->278229K(867840K), 0.0692308 secs] [Times: user=0.14 sys=0.10, real=0.07 secs] 
2017-03-20T17:10:40.477-0100: 4954.483: [GC (Allocation Failure) [PSYoungGen: 576001K->89557K(589312K)] 759509K->273205K(867840K), 0.0663616 secs] [Times: user=0.13 sys=0.10, real=0.07 secs] 
2017-03-20T17:10:57.490-0100: 4971.496: [GC (Allocation Failure) [PSYoungGen: 570837K->93637K(589824K)] 754485K->277422K(868352K), 0.0605327 secs] [Times: user=0.14 sys=0.09, real=0.06 secs] 
2017-03-20T17:11:14.217-0100: 4988.223: [GC (Allocation Failure) [PSYoungGen: 576453K->98321K(590336K)] 760238K->282229K(868864K), 0.0728228 secs] [Times: user=0.15 sys=0.10, real=0.08 secs] 
2017-03-20T17:11:30.739-0100: 5004.746: [GC (Allocation Failure) [PSYoungGen: 581137K->104342K(587776K)] 765045K->288370K(866304K), 0.0882391 secs] [Times: user=0.16 sys=0.13, real=0.09 secs] 
2017-03-20T17:11:47.821-0100: 5021.828: [GC (Allocation Failure) [PSYoungGen: 585110K->98881K(589824K)] 769138K->283077K(868352K), 0.0844068 secs] [Times: user=0.13 sys=0.12, real=0.08 secs] 
2017-03-20T17:12:05.044-0100: 5039.051: [GC (Allocation Failure) [PSYoungGen: 579649K->90065K(589312K)] 763845K->274417K(867840K), 0.0701966 secs] [Times: user=0.13 sys=0.10, real=0.07 secs] 
2017-03-20T17:12:21.694-0100: 5055.702: [GC (Allocation Failure) [PSYoungGen: 571345K->85697K(567296K)] 755697K->270229K(845824K), 0.0616458 secs] [Times: user=0.13 sys=0.09, real=0.06 secs] 
2017-03-20T17:12:37.713-0100: 5071.721: [GC (Allocation Failure) [PSYoungGen: 566977K->92081K(590336K)] 751509K->276761K(868864K), 0.0586249 secs] [Times: user=0.12 sys=0.09, real=0.06 secs] 
2017-03-20T17:12:52.435-0100: 5086.444: [GC (Allocation Failure) [PSYoungGen: 572849K->89110K(589312K)] 757529K->273875K(867840K), 0.0543934 secs] [Times: user=0.12 sys=0.07, real=0.06 secs] 
2017-03-20T17:13:04.149-0100: 5098.158: [GC (Allocation Failure) [PSYoungGen: 569878K->79473K(588288K)] 754643K->264369K(866816K), 0.0521554 secs] [Times: user=0.11 sys=0.07, real=0.06 secs] 
2017-03-20T17:13:14.050-0100: 5108.059: [GC (Allocation Failure) [PSYoungGen: 559217K->35984K(516096K)] 744113K->220981K(794624K), 0.0250088 secs] [Times: user=0.06 sys=0.03, real=0.02 secs] 
2017-03-20T17:19:24.159-0100: 5478.175: [GC (Allocation Failure) [PSYoungGen: 515728K->1872K(558592K)] 700725K->186956K(837120K), 0.0079220 secs] [Times: user=0.03 sys=0.00, real=0.01 secs] 
2017-03-20T17:24:22.404-0100: 5776.425: [GC (Allocation Failure) [PSYoungGen: 442704K->2576K(443904K)] 627788K->187724K(722432K), 0.0066605 secs] [Times: user=0.02 sys=0.00, real=0.01 secs] 
2017-03-20T17:24:27.704-0100: 5781.725: [GC (Allocation Failure) [PSYoungGen: 443408K->2707K(551424K)] 628556K->187924K(829952K), 0.0071551 secs] [Times: user=0.02 sys=0.00, real=0.01 secs] 
2017-03-20T17:24:32.586-0100: 5786.607: [GC (Allocation Failure) [PSYoungGen: 416915K->2496K(416768K)] 602132K->187788K(695296K), 0.0053566 secs] [Times: user=0.01 sys=0.00, real=0.01 secs] 
2017-03-20T17:24:37.549-0100: 5791.570: [GC (Allocation Failure) [PSYoungGen: 416704K->2416K(551936K)] 601996K->187784K(830464K), 0.0072379 secs] [Times: user=0.02 sys=0.00, real=0.01 secs] 
2017-03-20T17:24:42.230-0100: 5796.251: [GC (Allocation Failure) [PSYoungGen: 409456K->2000K(552960K)] 594824K->187472K(831488K), 0.0059470 secs] [Times: user=0.02 sys=0.00, real=0.00 secs] 
2017-03-20T17:24:47.009-0100: 5801.030: [GC (Allocation Failure) [PSYoungGen: 409040K->1728K(548864K)] 594512K->187272K(827392K), 0.0050536 secs] [Times: user=0.01 sys=0.00, real=0.01 secs] 
2017-03-20T17:28:39.405-0100: 6033.430: [GC (Allocation Failure) [PSYoungGen: 409792K->1120K(550912K)] 595336K->186768K(829440K), 0.0052038 secs] [Times: user=0.01 sys=0.00, real=0.01 secs] 
2017-03-20T17:35:52.526-0100: 6466.559: [GC (Allocation Failure) [PSYoungGen: 409184K->1584K(543744K)] 594832K->187316K(822272K), 0.0062076 secs] [Times: user=0.02 sys=0.00, real=0.01 secs] 
2017-03-20T17:35:57.468-0100: 6471.501: [GC (Allocation Failure) [PSYoungGen: 414768K->1472K(549376K)] 600500K->187348K(827904K), 0.0053262 secs] [Times: user=0.01 sys=0.00, real=0.01 secs] 
2017-03-20T21:11:42.020-0100: 6751.980: [GC (Allocation Failure) [PSYoungGen: 414656K->928K(539648K)] 600532K->186904K(818176K), 0.1081129 secs] [Times: user=0.06 sys=0.13, real=0.10 secs] 
2017-03-20T21:18:09.272-0100: 7139.760: [GC (Allocation Failure) [PSYoungGen: 419232K->1056K(419840K)] 605208K->187140K(698368K), 0.0129884 secs] [Times: user=0.02 sys=0.01, real=0.01 secs] 
2017-03-20T21:18:16.744-0100: 7147.232: [GC (Allocation Failure) [PSYoungGen: 419360K->1056K(537088K)] 605444K->187196K(815616K), 0.0140135 secs] [Times: user=0.01 sys=0.01, real=0.01 secs] 
2017-03-20T21:27:37.644-0100: 7708.144: [GC (Allocation Failure) [PSYoungGen: 424992K->560K(424960K)] 611132K->186764K(703488K), 0.0627587 secs] [Times: user=0.05 sys=0.12, real=0.06 secs] 
2017-03-20T21:39:33.990-0100: 8424.506: [GC (Allocation Failure) [PSYoungGen: 424496K->432K(527360K)] 610700K->186812K(805888K), 0.0142562 secs] [Times: user=0.01 sys=0.00, real=0.01 secs] 
2017-03-20T21:52:12.631-0100: 9183.164: [GC (Allocation Failure) [PSYoungGen: 427952K->160K(428032K)] 614332K->186684K(706560K), 0.0087135 secs] [Times: user=0.02 sys=0.01, real=0.01 secs] 
2017-03-20T22:04:54.138-0100: 9944.687: [GC (Allocation Failure) [PSYoungGen: 427680K->128K(518144K)] 614204K->186660K(796672K), 0.0619995 secs] [Times: user=0.06 sys=0.12, real=0.07 secs] 
2017-03-20T22:17:40.329-0100: 10710.895: [GC (Allocation Failure) [PSYoungGen: 429696K->192K(430080K)] 616228K->186732K(708608K), 0.0096068 secs] [Times: user=0.02 sys=0.00, real=0.01 secs] 
2017-03-20T22:30:30.633-0100: 11481.215: [GC (Allocation Failure) [PSYoungGen: 429760K->128K(509952K)] 616300K->186668K(788480K), 0.0074601 secs] [Times: user=0.01 sys=0.00, real=0.01 secs] 
2017-03-20T22:43:27.519-0100: 12258.116: [GC (Allocation Failure) [PSYoungGen: 431232K->128K(431616K)] 617772K->186668K(710144K), 0.0071312 secs] [Times: user=0.01 sys=0.01, real=0.01 secs] 
2017-03-20T22:56:24.673-0100: 13035.285: [GC (Allocation Failure) [PSYoungGen: 431232K->128K(501248K)] 617772K->186668K(779776K), 0.0111661 secs] [Times: user=0.01 sys=0.00, real=0.01 secs] 
2017-03-20T23:09:23.590-0100: 13814.218: [GC (Allocation Failure) [PSYoungGen: 432256K->160K(432640K)] 618796K->186700K(711168K), 0.0053169 secs] [Times: user=0.01 sys=0.00, real=0.00 secs] 
2017-03-20T23:22:18.445-0100: 14589.088: [GC (Allocation Failure) [PSYoungGen: 432288K->192K(458752K)] 618828K->186732K(737280K), 0.0111651 secs] [Times: user=0.01 sys=0.01, real=0.01 secs] 
2017-03-20T23:34:42.964-0100: 15333.622: [GC (Allocation Failure) [PSYoungGen: 415936K->128K(400896K)] 602476K->186692K(679424K), 0.0054389 secs] [Times: user=0.01 sys=0.00, real=0.01 secs] 
2017-03-20T23:46:44.642-0100: 16055.314: [GC (Allocation Failure) [PSYoungGen: 400512K->160K(423424K)] 587076K->186740K(701952K), 0.0081738 secs] [Times: user=0.00 sys=0.00, real=0.01 secs] 
2017-03-20T23:58:20.572-0100: 16751.258: [GC (Allocation Failure) [PSYoungGen: 385696K->160K(371712K)] 572276K->186756K(650240K), 0.0043968 secs] [Times: user=0.01 sys=0.00, real=0.00 secs] 
2017-03-21T00:09:30.322-0100: 17421.020: [GC (Allocation Failure) [PSYoungGen: 371360K->128K(389632K)] 557956K->186756K(668160K), 0.0075804 secs] [Times: user=0.01 sys=0.01, real=0.01 secs] 
2017-03-21T00:20:16.181-0100: 18066.892: [GC (Allocation Failure) [PSYoungGen: 358016K->128K(345600K)] 544644K->186756K(624128K), 0.0037800 secs] [Times: user=0.01 sys=0.00, real=0.00 secs] 
2017-03-21T00:30:34.716-0100: 18685.439: [GC (Allocation Failure) [PSYoungGen: 345216K->128K(359424K)] 531844K->186804K(637952K), 0.0047751 secs] [Times: user=0.01 sys=0.00, real=0.01 secs] 
2017-03-21T00:40:34.849-0100: 19285.584: [GC (Allocation Failure) [PSYoungGen: 332928K->160K(321536K)] 519604K->186836K(600064K), 0.0035379 secs] [Times: user=0.01 sys=0.00, real=0.01 secs] 
2017-03-21T00:50:14.072-0100: 19864.818: [GC (Allocation Failure) [PSYoungGen: 321184K->96K(332800K)] 507860K->186780K(611328K), 0.0089319 secs] [Times: user=0.01 sys=0.01, real=0.01 secs] 
2017-03-21T00:59:33.156-0100: 20423.913: [GC (Allocation Failure) [PSYoungGen: 309856K->96K(299520K)] 496540K->186788K(578048K), 0.0046479 secs] [Times: user=0.00 sys=0.00, real=0.01 secs] 
2017-03-21T01:08:33.056-0100: 20963.822: [GC (Allocation Failure) [PSYoungGen: 299104K->128K(308224K)] 485796K->186828K(586752K), 0.0070750 secs] [Times: user=0.01 sys=0.01, real=0.01 secs] 
2017-03-21T01:17:13.521-0100: 21484.297: [GC (Allocation Failure) [PSYoungGen: 288896K->160K(279552K)] 475596K->186868K(558080K), 0.0036503 secs] [Times: user=0.01 sys=0.00, real=0.00 secs] 
2017-03-21T01:25:37.511-0100: 21988.296: [GC (Allocation Failure) [PSYoungGen: 279200K->128K(285696K)] 465908K->186836K(564224K), 0.0048471 secs] [Times: user=0.01 sys=0.00, real=0.00 secs] 
2017-03-21T01:33:44.183-0100: 22474.977: [GC (Allocation Failure) [PSYoungGen: 269952K->128K(261632K)] 456660K->186836K(540160K), 0.0042534 secs] [Times: user=0.01 sys=0.00, real=0.00 secs] 
2017-03-21T01:41:34.621-0100: 22945.422: [GC (Allocation Failure) [PSYoungGen: 261248K->128K(264704K)] 447956K->186844K(543232K), 0.0040132 secs] [Times: user=0.00 sys=0.00, real=0.00 secs] 
2017-03-21T01:49:10.606-0100: 23401.414: [GC (Allocation Failure) [PSYoungGen: 252544K->128K(244736K)] 439260K->186844K(523264K), 0.0036897 secs] [Times: user=0.01 sys=0.00, real=0.01 secs] 
2017-03-21T01:56:31.309-0100: 23842.124: [GC (Allocation Failure) [PSYoungGen: 244352K->128K(246272K)] 431068K->186844K(524800K), 0.0048050 secs] [Times: user=0.02 sys=0.00, real=0.01 secs] 
2017-03-21T02:03:37.836-0100: 24268.657: [GC (Allocation Failure) [PSYoungGen: 236672K->128K(229888K)] 423388K->186868K(508416K), 0.0098980 secs] [Times: user=0.00 sys=0.01, real=0.01 secs] 
2017-03-21T02:10:31.113-0100: 24681.941: [GC (Allocation Failure) [PSYoungGen: 229504K->160K(229888K)] 416244K->186908K(508416K), 0.0033775 secs] [Times: user=0.00 sys=0.00, real=0.00 secs] 
2017-03-21T02:17:12.169-0100: 25083.003: [GC (Allocation Failure) [PSYoungGen: 222368K->128K(216064K)] 409116K->186876K(494592K), 0.0035096 secs] [Times: user=0.01 sys=0.00, real=0.01 secs] 
2017-03-21T02:23:34.583-0100: 25465.424: [GC (Allocation Failure) [PSYoungGen: 215680K->128K(212992K)] 402428K->186876K(491520K), 0.0058227 secs] [Times: user=0.02 sys=0.00, real=0.00 secs] 
2017-03-21T02:29:51.429-0100: 25842.275: [GC (Allocation Failure) [PSYoungGen: 209024K->96K(203264K)] 395772K->186852K(481792K), 0.0050224 secs] [Times: user=0.01 sys=0.00, real=0.01 secs] 
2017-03-21T02:35:56.884-0100: 26207.736: [GC (Allocation Failure) [PSYoungGen: 202848K->160K(197120K)] 389604K->186916K(475648K), 0.0035502 secs] [Times: user=0.01 sys=0.00, real=0.00 secs] 
2017-03-21T02:41:51.917-0100: 26562.774: [GC (Allocation Failure) [PSYoungGen: 196768K->128K(203264K)] 383524K->186884K(481792K), 0.0032315 secs] [Times: user=0.00 sys=0.00, real=0.01 secs] 
2017-03-21T02:47:36.685-0100: 26907.548: [GC (Allocation Failure) [PSYoungGen: 191104K->128K(185856K)] 377860K->186884K(464384K), 0.0037452 secs] [Times: user=0.01 sys=0.00, real=0.00 secs] 
2017-03-21T02:53:10.428-0100: 27241.297: [GC (Allocation Failure) [PSYoungGen: 185472K->128K(190464K)] 372228K->186884K(468992K), 0.0030627 secs] [Times: user=0.01 sys=0.00, real=0.01 secs] 
2017-03-21T02:58:35.947-0100: 27566.819: [GC (Allocation Failure) [PSYoungGen: 180352K->128K(175616K)] 367108K->186884K(454144K), 0.0036045 secs] [Times: user=0.01 sys=0.00, real=0.01 secs] 
2017-03-21T03:03:52.223-0100: 27883.098: [GC (Allocation Failure) [PSYoungGen: 175232K->96K(179200K)] 361988K->186852K(457728K), 0.0033570 secs] [Times: user=0.01 sys=0.00, real=0.00 secs] 
2017-03-21T03:08:59.396-0100: 28190.274: [GC (Allocation Failure) [PSYoungGen: 170592K->128K(166400K)] 357348K->186884K(444928K), 0.0034731 secs] [Times: user=0.01 sys=0.01, real=0.00 secs] 
2017-03-21T03:13:58.462-0100: 28489.344: [GC (Allocation Failure) [PSYoungGen: 166016K->160K(168448K)] 352772K->186916K(446976K), 0.0031581 secs] [Times: user=0.01 sys=0.00, real=0.00 secs] 
2017-03-21T03:18:49.811-0100: 28780.697: [GC (Allocation Failure) [PSYoungGen: 161440K->128K(157696K)] 348196K->186884K(436224K), 0.0050678 secs] [Times: user=0.01 sys=0.00, real=0.00 secs] 
2017-03-21T03:23:32.824-0100: 29063.713: [GC (Allocation Failure) [PSYoungGen: 157312K->160K(159232K)] 344068K->186916K(437760K), 0.0030581 secs] [Times: user=0.00 sys=0.00, real=0.00 secs] 
2017-03-21T03:28:09.352-0100: 29340.245: [GC (Allocation Failure) [PSYoungGen: 153248K->128K(149504K)] 340004K->186884K(428032K), 0.0033513 secs] [Times: user=0.00 sys=0.00, real=0.00 secs] 
2017-03-21T03:32:36.011-0100: 29606.907: [GC (Allocation Failure) [PSYoungGen: 149120K->96K(150528K)] 335876K->186852K(429056K), 0.0031792 secs] [Times: user=0.01 sys=0.01, real=0.00 secs] 
2017-03-21T03:36:58.803-0100: 29869.702: [GC (Allocation Failure) [PSYoungGen: 145504K->128K(142336K)] 332260K->186900K(420864K), 0.0049394 secs] [Times: user=0.01 sys=0.01, real=0.00 secs] 
2017-03-21T03:41:13.824-0100: 30124.727: [GC (Allocation Failure) [PSYoungGen: 141952K->128K(142848K)] 328724K->186900K(421376K), 0.0031142 secs] [Times: user=0.01 sys=0.01, real=0.00 secs] 
2017-03-21T03:45:23.869-0100: 30374.775: [GC (Allocation Failure) [PSYoungGen: 138368K->128K(135680K)] 325140K->186900K(414208K), 0.0031442 secs] [Times: user=0.01 sys=0.00, real=0.01 secs] 
2017-03-21T03:49:27.408-0100: 30618.317: [GC (Allocation Failure) [PSYoungGen: 135296K->128K(135680K)] 322068K->186900K(414208K), 0.0041334 secs] [Times: user=0.01 sys=0.00, real=0.01 secs] 
2017-03-21T03:53:25.262-0100: 30856.172: [GC (Allocation Failure) [PSYoungGen: 132224K->128K(129536K)] 318996K->186908K(408064K), 0.0036593 secs] [Times: user=0.00 sys=0.00, real=0.00 secs] 
2017-03-21T03:57:17.944-0100: 31088.854: [GC (Allocation Failure) [PSYoungGen: 129152K->128K(129024K)] 315932K->186908K(407552K), 0.0030328 secs] [Times: user=0.01 sys=0.00, real=0.00 secs] 
2017-03-21T04:01:05.442-0100: 31316.354: [GC (Allocation Failure) [PSYoungGen: 126080K->128K(123392K)] 312860K->186916K(401920K), 0.0038970 secs] [Times: user=0.01 sys=0.00, real=0.00 secs] 
2017-03-21T04:04:46.943-0100: 31537.857: [GC (Allocation Failure) [PSYoungGen: 123008K->128K(122880K)] 309796K->186916K(401408K), 0.0033319 secs] [Times: user=0.00 sys=0.00, real=0.00 secs] 
2017-03-21T04:08:24.150-0100: 31755.066: [GC (Allocation Failure) [PSYoungGen: 120448K->128K(118272K)] 307236K->186924K(396800K), 0.0037363 secs] [Times: user=0.01 sys=0.00, real=0.00 secs] 
2017-03-21T04:11:56.472-0100: 31967.389: [GC (Allocation Failure) [PSYoungGen: 117888K->128K(117760K)] 304684K->186924K(396288K), 0.0037577 secs] [Times: user=0.01 sys=0.00, real=0.00 secs] 
2017-03-21T04:15:23.584-0100: 32174.503: [GC (Allocation Failure) [PSYoungGen: 115328K->160K(113152K)] 302124K->186956K(391680K), 0.0037155 secs] [Times: user=0.01 sys=0.00, real=0.00 secs] 
2017-03-21T04:18:47.602-0100: 32378.523: [GC (Allocation Failure) [PSYoungGen: 112800K->128K(112128K)] 299596K->186924K(390656K), 0.0044601 secs] [Times: user=0.02 sys=0.00, real=0.00 secs] 
2017-03-21T04:22:04.846-0100: 32575.769: [GC (Allocation Failure) [PSYoungGen: 110208K->160K(108544K)] 297004K->186956K(387072K), 0.0059731 secs] [Times: user=0.01 sys=0.00, real=0.01 secs] 
2017-03-21T04:25:19.311-0100: 32770.236: [GC (Allocation Failure) [PSYoungGen: 108192K->160K(107520K)] 294988K->186956K(386048K), 0.0032073 secs] [Times: user=0.01 sys=0.00, real=0.00 secs] 
2017-03-21T04:28:31.237-0100: 32962.163: [GC (Allocation Failure) [PSYoungGen: 106144K->128K(104448K)] 292940K->186924K(382976K), 0.0035449 secs] [Times: user=0.01 sys=0.00, real=0.01 secs] 
2017-03-21T04:31:39.132-0100: 33150.061: [GC (Allocation Failure) [PSYoungGen: 104064K->128K(103424K)] 290860K->186924K(381952K), 0.0047075 secs] [Times: user=0.01 sys=0.00, real=0.00 secs] 
2017-03-21T04:34:42.779-0100: 33333.710: [GC (Allocation Failure) [PSYoungGen: 102016K->128K(100352K)] 288812K->186924K(378880K), 0.0037368 secs] [Times: user=0.01 sys=0.00, real=0.01 secs] 
2017-03-21T04:37:42.443-0100: 33513.375: [GC (Allocation Failure) [PSYoungGen: 99968K->128K(99328K)] 286764K->186924K(377856K), 0.0030111 secs] [Times: user=0.00 sys=0.00, real=0.00 secs] 
2017-03-21T04:40:39.027-0100: 33689.962: [GC (Allocation Failure) [PSYoungGen: 97920K->128K(96256K)] 284716K->186924K(374784K), 0.0032632 secs] [Times: user=0.01 sys=0.00, real=0.01 secs] 
2017-03-21T04:43:31.357-0100: 33862.293: [GC (Allocation Failure) [PSYoungGen: 95872K->128K(95232K)] 282668K->186932K(373760K), 0.0032361 secs] [Times: user=0.01 sys=0.00, real=0.01 secs] 
2017-03-21T04:46:21.819-0100: 34032.757: [GC (Allocation Failure) [PSYoungGen: 94336K->128K(93184K)] 281140K->186932K(371712K), 0.0034297 secs] [Times: user=0.01 sys=0.00, real=0.01 secs] 
2017-03-21T04:49:09.090-0100: 34200.030: [GC (Allocation Failure) [PSYoungGen: 92800K->64K(92160K)] 279604K->186868K(370688K), 0.0068508 secs] [Times: user=0.01 sys=0.00, real=0.00 secs] 
2017-03-21T04:51:53.247-0100: 34364.188: [GC (Allocation Failure) [PSYoungGen: 91200K->128K(90112K)] 278004K->186932K(368640K), 0.0035292 secs] [Times: user=0.01 sys=0.00, real=0.01 secs] 
2017-03-21T04:54:34.500-0100: 34525.444: [GC (Allocation Failure) [PSYoungGen: 89728K->128K(89088K)] 276532K->186932K(367616K), 0.0044814 secs] [Times: user=0.01 sys=0.00, real=0.00 secs] 
2017-03-21T04:57:13.734-0100: 34684.680: [GC (Allocation Failure) [PSYoungGen: 88192K->128K(87040K)] 274996K->186932K(365568K), 0.0036515 secs] [Times: user=0.01 sys=0.00, real=0.00 secs] 
2017-03-21T04:59:47.727-0100: 34838.675: [GC (Allocation Failure) [PSYoungGen: 86656K->128K(86016K)] 273460K->186948K(364544K), 0.0030788 secs] [Times: user=0.01 sys=0.00, real=0.01 secs] 
2017-03-21T05:02:20.716-0100: 34991.666: [GC (Allocation Failure) [PSYoungGen: 85120K->128K(83968K)] 271940K->186948K(362496K), 0.0032673 secs] [Times: user=0.01 sys=0.00, real=0.00 secs] 
2017-03-21T05:04:50.790-0100: 35141.742: [GC (Allocation Failure) [PSYoungGen: 83584K->160K(82944K)] 270404K->186980K(361472K), 0.0032098 secs] [Times: user=0.00 sys=0.00, real=0.00 secs] 
2017-03-21T05:07:18.789-0100: 35289.744: [GC (Allocation Failure) [PSYoungGen: 82080K->128K(80896K)] 268900K->186948K(359424K), 0.0036321 secs] [Times: user=0.01 sys=0.00, real=0.01 secs] 
2017-03-21T05:09:43.595-0100: 35434.551: [GC (Allocation Failure) [PSYoungGen: 80512K->128K(79360K)] 267332K->186948K(357888K), 0.0031854 secs] [Times: user=0.01 sys=0.00, real=0.00 secs] 
2017-03-21T05:12:05.516-0100: 35576.474: [GC (Allocation Failure) [PSYoungGen: 78976K->128K(78336K)] 265796K->186948K(356864K), 0.0037601 secs] [Times: user=0.01 sys=0.00, real=0.00 secs] 
2017-03-21T05:14:26.461-0100: 35717.421: [GC (Allocation Failure) [PSYoungGen: 77952K->128K(77312K)] 264772K->186948K(355840K), 0.0035965 secs] [Times: user=0.01 sys=0.00, real=0.00 secs] 
2017-03-21T05:16:45.175-0100: 35856.137: [GC (Allocation Failure) [PSYoungGen: 76928K->128K(76288K)] 263748K->186948K(354816K), 0.0031249 secs] [Times: user=0.01 sys=0.00, real=0.00 secs] 
2017-03-21T05:19:01.722-0100: 35992.686: [GC (Allocation Failure) [PSYoungGen: 75904K->128K(75264K)] 262724K->186948K(353792K), 0.0041929 secs] [Times: user=0.01 sys=0.00, real=0.00 secs] 
2017-03-21T05:21:16.449-0100: 36127.415: [GC (Allocation Failure) [PSYoungGen: 74880K->128K(74240K)] 261700K->186948K(352768K), 0.0038501 secs] [Times: user=0.01 sys=0.00, real=0.01 secs] 
2017-03-21T05:23:29.090-0100: 36260.057: [GC (Allocation Failure) [PSYoungGen: 73856K->128K(73216K)] 260676K->186948K(351744K), 0.0031484 secs] [Times: user=0.01 sys=0.00, real=0.00 secs] 
2017-03-21T05:25:40.705-0100: 36391.675: [GC (Allocation Failure) [PSYoungGen: 72832K->128K(72192K)] 259652K->186948K(350720K), 0.0040722 secs] [Times: user=0.01 sys=0.00, real=0.00 secs] 
2017-03-21T05:27:49.251-0100: 36520.223: [GC (Allocation Failure) [PSYoungGen: 71808K->128K(71168K)] 258628K->186948K(349696K), 0.0031332 secs] [Times: user=0.00 sys=0.00, real=0.00 secs] 
2017-03-21T05:29:56.401-0100: 36647.375: [GC (Allocation Failure) [PSYoungGen: 70784K->128K(70144K)] 257604K->186948K(348672K), 0.0045074 secs] [Times: user=0.01 sys=0.00, real=0.00 secs] 
2017-03-21T05:32:01.366-0100: 36772.341: [GC (Allocation Failure) [PSYoungGen: 69760K->128K(69120K)] 256580K->186948K(347648K), 0.0032380 secs] [Times: user=0.01 sys=0.00, real=0.00 secs] 
2017-03-21T05:34:05.809-0100: 36896.787: [GC (Allocation Failure) [PSYoungGen: 68736K->128K(68096K)] 255556K->186948K(346624K), 0.0035334 secs] [Times: user=0.01 sys=0.00, real=0.01 secs] 
2017-03-21T05:36:07.207-0100: 37018.187: [GC (Allocation Failure) [PSYoungGen: 67712K->160K(67072K)] 254532K->186980K(345600K), 0.0032972 secs] [Times: user=0.01 sys=0.00, real=0.01 secs] 
2017-03-21T05:38:07.648-0100: 37138.630: [GC (Allocation Failure) [PSYoungGen: 66720K->64K(66048K)] 253540K->186884K(344576K), 0.0033911 secs] [Times: user=0.01 sys=0.00, real=0.01 secs] 
2017-03-21T05:40:06.021-0100: 37257.005: [GC (Allocation Failure) [PSYoungGen: 65600K->128K(65024K)] 252420K->186948K(343552K), 0.0037753 secs] [Times: user=0.01 sys=0.00, real=0.00 secs] 
2017-03-21T05:42:02.369-0100: 37373.354: [GC (Allocation Failure) [PSYoungGen: 64640K->64K(64000K)] 251460K->186884K(342528K), 0.0034858 secs] [Times: user=0.01 sys=0.00, real=0.01 secs] 
2017-03-21T05:43:56.483-0100: 37487.471: [GC (Allocation Failure) [PSYoungGen: 63552K->128K(62976K)] 250372K->186948K(341504K), 0.0036362 secs] [Times: user=0.01 sys=0.00, real=0.00 secs] 
2017-03-21T05:45:48.693-0100: 37599.683: [GC (Allocation Failure) [PSYoungGen: 62592K->128K(62464K)] 249412K->186948K(340992K), 0.0033208 secs] [Times: user=0.01 sys=0.00, real=0.00 secs] 
2017-03-21T05:47:39.993-0100: 37710.985: [GC (Allocation Failure) [PSYoungGen: 62080K->160K(61952K)] 248900K->186980K(340480K), 0.0030981 secs] [Times: user=0.01 sys=0.00, real=0.00 secs] 
2017-03-21T05:49:31.259-0100: 37822.253: [GC (Allocation Failure) [PSYoungGen: 61600K->128K(61440K)] 248420K->186948K(339968K), 0.0030698 secs] [Times: user=0.00 sys=0.00, real=0.01 secs] 
2017-03-21T05:51:21.298-0100: 37932.293: [GC (Allocation Failure) [PSYoungGen: 61056K->128K(60928K)] 247876K->186948K(339456K), 0.0039263 secs] [Times: user=0.01 sys=0.00, real=0.01 secs] 
2017-03-21T05:53:09.284-0100: 38040.281: [GC (Allocation Failure) [PSYoungGen: 60544K->128K(60416K)] 247364K->186948K(338944K), 0.0031064 secs] [Times: user=0.01 sys=0.00, real=0.00 secs] 
2017-03-21T05:54:57.507-0100: 38148.506: [GC (Allocation Failure) [PSYoungGen: 60032K->128K(59904K)] 246852K->186948K(338432K), 0.0031738 secs] [Times: user=0.01 sys=0.00, real=0.01 secs] 
2017-03-21T05:56:44.732-0100: 38255.733: [GC (Allocation Failure) [PSYoungGen: 59520K->128K(59392K)] 246340K->186948K(337920K), 0.0032115 secs] [Times: user=0.01 sys=0.00, real=0.00 secs] 
2017-03-21T05:58:30.962-0100: 38361.964: [GC (Allocation Failure) [PSYoungGen: 59008K->128K(58880K)] 245828K->186948K(337408K), 0.0031314 secs] [Times: user=0.01 sys=0.00, real=0.00 secs] 
2017-03-21T06:00:16.034-0100: 38467.038: [GC (Allocation Failure) [PSYoungGen: 58496K->128K(58368K)] 245316K->186948K(336896K), 0.0030778 secs] [Times: user=0.00 sys=0.00, real=0.00 secs] 
2017-03-21T06:02:01.176-0100: 38572.183: [GC (Allocation Failure) [PSYoungGen: 57984K->64K(57856K)] 244804K->186884K(336384K), 0.0033665 secs] [Times: user=0.00 sys=0.00, real=0.01 secs] 
2017-03-21T06:03:44.212-0100: 38675.220: [GC (Allocation Failure) [PSYoungGen: 57408K->128K(57344K)] 244228K->186948K(335872K), 0.0029949 secs] [Times: user=0.01 sys=0.00, real=0.00 secs] 
2017-03-21T06:05:25.115-0100: 38776.125: [GC (Allocation Failure) [PSYoungGen: 56960K->64K(56832K)] 243780K->186884K(335360K), 0.0033240 secs] [Times: user=0.00 sys=0.00, real=0.00 secs] 
2017-03-21T06:07:06.358-0100: 38877.370: [GC (Allocation Failure) [PSYoungGen: 56384K->128K(56320K)] 243204K->186948K(334848K), 0.0038716 secs] [Times: user=0.01 sys=0.00, real=0.01 secs] 
2017-03-21T06:08:47.375-0100: 38978.388: [GC (Allocation Failure) [PSYoungGen: 55936K->128K(55808K)] 242756K->186948K(334336K), 0.0031245 secs] [Times: user=0.00 sys=0.00, real=0.00 secs] 
2017-03-21T06:10:26.269-0100: 39077.284: [GC (Allocation Failure) [PSYoungGen: 55424K->128K(55296K)] 242244K->186948K(333824K), 0.0031392 secs] [Times: user=0.01 sys=0.01, real=0.01 secs] 
2017-03-21T06:12:05.296-0100: 39176.313: [GC (Allocation Failure) [PSYoungGen: 54912K->128K(54784K)] 241732K->186948K(333312K), 0.0030866 secs] [Times: user=0.00 sys=0.00, real=0.00 secs] 
2017-03-21T06:13:43.224-0100: 39274.243: [GC (Allocation Failure) [PSYoungGen: 54400K->96K(54272K)] 241220K->186916K(332800K), 0.0046860 secs] [Times: user=0.00 sys=0.00, real=0.00 secs] 
2017-03-21T06:15:20.197-0100: 39371.217: [GC (Allocation Failure) [PSYoungGen: 53856K->128K(53760K)] 240676K->186948K(332288K), 0.0031672 secs] [Times: user=0.01 sys=0.00, real=0.01 secs] 
2017-03-21T06:16:56.141-0100: 39467.163: [GC (Allocation Failure) [PSYoungGen: 53376K->128K(53248K)] 240196K->186948K(331776K), 0.0031050 secs] [Times: user=0.01 sys=0.00, real=0.00 secs] 
2017-03-21T06:18:30.976-0100: 39562.000: [GC (Allocation Failure) [PSYoungGen: 52864K->128K(52736K)] 239684K->186948K(331264K), 0.0036342 secs] [Times: user=0.01 sys=0.00, real=0.01 secs] 
2017-03-21T06:20:05.838-0100: 39656.863: [GC (Allocation Failure) [PSYoungGen: 52352K->128K(52224K)] 239172K->186948K(330752K), 0.0039401 secs] [Times: user=0.01 sys=0.00, real=0.01 secs] 
2017-03-21T06:21:38.669-0100: 39749.696: [GC (Allocation Failure) [PSYoungGen: 51840K->128K(51712K)] 238660K->186948K(330240K), 0.0031845 secs] [Times: user=0.01 sys=0.00, real=0.01 secs] 
2017-03-21T06:23:11.544-0100: 39842.572: [GC (Allocation Failure) [PSYoungGen: 51328K->128K(51200K)] 238148K->186948K(329728K), 0.0043925 secs] [Times: user=0.02 sys=0.00, real=0.00 secs] 
2017-03-21T06:24:42.381-0100: 39933.411: [GC (Allocation Failure) [PSYoungGen: 50816K->96K(50688K)] 237636K->186916K(329216K), 0.0034730 secs] [Times: user=0.01 sys=0.00, real=0.00 secs] 
2017-03-21T06:26:13.218-0100: 40024.249: [GC (Allocation Failure) [PSYoungGen: 50272K->128K(50176K)] 237092K->186948K(328704K), 0.0036632 secs] [Times: user=0.01 sys=0.00, real=0.01 secs] 
2017-03-21T06:27:41.995-0100: 40113.028: [GC (Allocation Failure) [PSYoungGen: 49792K->128K(49664K)] 236612K->186948K(328192K), 0.0029979 secs] [Times: user=0.00 sys=0.00, real=0.00 secs] 
2017-03-21T06:29:10.770-0100: 40201.804: [GC (Allocation Failure) [PSYoungGen: 49280K->128K(49152K)] 236100K->186948K(327680K), 0.0032664 secs] [Times: user=0.01 sys=0.00, real=0.00 secs] 
2017-03-21T06:30:38.231-0100: 40289.267: [GC (Allocation Failure) [PSYoungGen: 48767K->128K(48640K)] 235588K->186948K(327168K), 0.0047748 secs] [Times: user=0.01 sys=0.00, real=0.00 secs] 
2017-03-21T06:32:05.314-0100: 40376.351: [GC (Allocation Failure) [PSYoungGen: 48256K->128K(48128K)] 235076K->186948K(326656K), 0.0044470 secs] [Times: user=0.02 sys=0.00, real=0.00 secs] 
2017-03-21T06:33:31.046-0100: 40462.085: [GC (Allocation Failure) [PSYoungGen: 47744K->128K(47616K)] 234564K->186948K(326144K), 0.0039948 secs] [Times: user=0.01 sys=0.00, real=0.01 secs] 
2017-03-21T06:34:55.679-0100: 40546.720: [GC (Allocation Failure) [PSYoungGen: 47232K->128K(47104K)] 234052K->186948K(325632K), 0.0033436 secs] [Times: user=0.01 sys=0.00, real=0.01 secs] 
2017-03-21T06:36:19.322-0100: 40630.364: [GC (Allocation Failure) [PSYoungGen: 46720K->160K(46592K)] 233540K->186980K(325120K), 0.0033764 secs] [Times: user=0.01 sys=0.01, real=0.00 secs] 
2017-03-21T06:37:42.938-0100: 40713.981: [GC (Allocation Failure) [PSYoungGen: 46240K->128K(46080K)] 233060K->186948K(324608K), 0.0038343 secs] [Times: user=0.01 sys=0.00, real=0.01 secs] 
2017-03-21T06:39:04.622-0100: 40795.667: [GC (Allocation Failure) [PSYoungGen: 45696K->128K(45568K)] 232516K->186948K(324096K), 0.0030003 secs] [Times: user=0.01 sys=0.00, real=0.00 secs] 
2017-03-21T06:40:26.255-0100: 40877.301: [GC (Allocation Failure) [PSYoungGen: 45184K->128K(45056K)] 232004K->186948K(323584K), 0.0036198 secs] [Times: user=0.01 sys=0.00, real=0.00 secs] 
2017-03-21T06:41:45.854-0100: 40956.901: [GC (Allocation Failure) [PSYoungGen: 44672K->128K(44544K)] 231492K->186948K(323072K), 0.0032360 secs] [Times: user=0.01 sys=0.00, real=0.00 secs] 
2017-03-21T06:43:05.472-0100: 41036.521: [GC (Allocation Failure) [PSYoungGen: 44160K->128K(44032K)] 230980K->186948K(322560K), 0.0032901 secs] [Times: user=0.01 sys=0.00, real=0.00 secs] 
2017-03-21T06:44:23.983-0100: 41115.033: [GC (Allocation Failure) [PSYoungGen: 43648K->96K(43520K)] 230468K->186916K(322048K), 0.0035734 secs] [Times: user=0.00 sys=0.00, real=0.00 secs] 
2017-03-21T06:45:41.465-0100: 41192.517: [GC (Allocation Failure) [PSYoungGen: 43104K->128K(43008K)] 229924K->186948K(321536K), 0.0031895 secs] [Times: user=0.00 sys=0.00, real=0.00 secs] 
2017-03-21T06:46:57.950-0100: 41269.003: [GC (Allocation Failure) [PSYoungGen: 42624K->128K(42496K)] 229444K->186948K(321024K), 0.0035989 secs] [Times: user=0.01 sys=0.00, real=0.00 secs] 
2017-03-21T06:48:13.524-0100: 41344.578: [GC (Allocation Failure) [PSYoungGen: 42112K->128K(41984K)] 228932K->186948K(320512K), 0.0048798 secs] [Times: user=0.01 sys=0.00, real=0.00 secs] 
2017-03-21T06:49:28.961-0100: 41420.017: [GC (Allocation Failure) [PSYoungGen: 41600K->64K(41984K)] 228420K->186892K(320512K), 0.0033815 secs] [Times: user=0.01 sys=0.00, real=0.00 secs] 
2017-03-21T06:50:43.410-0100: 41494.468: [GC (Allocation Failure) [PSYoungGen: 41536K->128K(41984K)] 228364K->186956K(320512K), 0.0032778 secs] [Times: user=0.01 sys=0.00, real=0.00 secs] 
2017-03-21T06:51:56.838-0100: 41567.896: [GC (Allocation Failure) [PSYoungGen: 41600K->128K(41984K)] 228428K->186956K(320512K), 0.0043550 secs] [Times: user=0.02 sys=0.00, real=0.01 secs] 
2017-03-21T06:53:12.292-0100: 41643.352: [GC (Allocation Failure) [PSYoungGen: 41600K->128K(41984K)] 228428K->186956K(320512K), 0.0036027 secs] [Times: user=0.01 sys=0.00, real=0.00 secs] 
2017-03-21T06:54:26.761-0100: 41717.821: [GC (Allocation Failure) [PSYoungGen: 41600K->128K(41984K)] 228428K->186956K(320512K), 0.0031477 secs] [Times: user=0.00 sys=0.00, real=0.00 secs] 
2017-03-21T06:55:41.251-0100: 41792.313: [GC (Allocation Failure) [PSYoungGen: 41600K->128K(41984K)] 228428K->186956K(320512K), 0.0036717 secs] [Times: user=0.00 sys=0.00, real=0.00 secs] 
2017-03-21T06:56:56.759-0100: 41867.822: [GC (Allocation Failure) [PSYoungGen: 41600K->128K(41984K)] 228428K->186956K(320512K), 0.0033890 secs] [Times: user=0.01 sys=0.00, real=0.01 secs] 
2017-03-21T06:58:11.247-0100: 41942.311: [GC (Allocation Failure) [PSYoungGen: 41600K->96K(41984K)] 228428K->186924K(320512K), 0.0032656 secs] [Times: user=0.00 sys=0.00, real=0.01 secs] 
2017-03-21T06:59:25.812-0100: 42016.878: [GC (Allocation Failure) [PSYoungGen: 41568K->128K(41984K)] 228396K->186972K(320512K), 0.0032743 secs] [Times: user=0.01 sys=0.00, real=0.00 secs] 
2017-03-21T07:00:40.258-0100: 42091.325: [GC (Allocation Failure) [PSYoungGen: 41600K->160K(41984K)] 228444K->187004K(320512K), 0.0033818 secs] [Times: user=0.01 sys=0.00, real=0.01 secs] 
2017-03-21T07:01:55.766-0100: 42166.834: [GC (Allocation Failure) [PSYoungGen: 41632K->128K(41984K)] 228476K->186972K(320512K), 0.0035645 secs] [Times: user=0.01 sys=0.00, real=0.01 secs] 
2017-03-21T07:03:10.242-0100: 42241.312: [GC (Allocation Failure) [PSYoungGen: 41600K->128K(41984K)] 228444K->186972K(320512K), 0.0035823 secs] [Times: user=0.01 sys=0.00, real=0.00 secs] 
2017-03-21T07:04:24.726-0100: 42315.797: [GC (Allocation Failure) [PSYoungGen: 41600K->128K(41984K)] 228444K->186972K(320512K), 0.0030498 secs] [Times: user=0.01 sys=0.00, real=0.00 secs] 
2017-03-21T07:05:39.250-0100: 42390.322: [GC (Allocation Failure) [PSYoungGen: 41600K->160K(41984K)] 228444K->187004K(320512K), 0.0031984 secs] [Times: user=0.01 sys=0.00, real=0.00 secs] 
2017-03-21T07:06:54.805-0100: 42465.878: [GC (Allocation Failure) [PSYoungGen: 41632K->128K(41984K)] 228476K->186972K(320512K), 0.0037149 secs] [Times: user=0.01 sys=0.00, real=0.00 secs] 
2017-03-21T07:08:09.381-0100: 42540.456: [GC (Allocation Failure) [PSYoungGen: 41600K->128K(41984K)] 228444K->186972K(320512K), 0.0030728 secs] [Times: user=0.01 sys=0.00, real=0.00 secs] 
2017-03-21T07:09:23.928-0100: 42615.004: [GC (Allocation Failure) [PSYoungGen: 41600K->128K(41984K)] 228444K->186980K(320512K), 0.0032228 secs] [Times: user=0.00 sys=0.00, real=0.01 secs] 
2017-03-21T07:10:39.457-0100: 42690.534: [GC (Allocation Failure) [PSYoungGen: 41600K->96K(41984K)] 228452K->186948K(320512K), 0.0044649 secs] [Times: user=0.01 sys=0.00, real=0.01 secs] 
2017-03-21T07:11:53.921-0100: 42765.000: [GC (Allocation Failure) [PSYoungGen: 41568K->128K(41984K)] 228420K->186980K(320512K), 0.0037022 secs] [Times: user=0.01 sys=0.00, real=0.00 secs] 
2017-03-21T07:13:07.798-0100: 42838.877: [GC (Allocation Failure) [PSYoungGen: 41600K->128K(41984K)] 228452K->186980K(320512K), 0.0045291 secs] [Times: user=0.01 sys=0.00, real=0.01 secs] 
2017-03-21T07:14:22.894-0100: 42913.975: [GC (Allocation Failure) [PSYoungGen: 41600K->128K(41984K)] 228452K->186980K(320512K), 0.0035104 secs] [Times: user=0.00 sys=0.00, real=0.00 secs] 
2017-03-21T07:15:37.429-0100: 42988.511: [GC (Allocation Failure) [PSYoungGen: 41600K->128K(41984K)] 228452K->186980K(320512K), 0.0029710 secs] [Times: user=0.01 sys=0.00, real=0.01 secs] 
2017-03-21T07:16:51.985-0100: 43063.069: [GC (Allocation Failure) [PSYoungGen: 41600K->128K(41984K)] 228452K->186980K(320512K), 0.0031210 secs] [Times: user=0.01 sys=0.00, real=0.00 secs] 
2017-03-21T07:18:07.407-0100: 43138.492: [GC (Allocation Failure) [PSYoungGen: 41600K->128K(41984K)] 228452K->186980K(320512K), 0.0046624 secs] [Times: user=0.01 sys=0.00, real=0.01 secs] 
2017-03-21T07:19:21.853-0100: 43212.939: [GC (Allocation Failure) [PSYoungGen: 41600K->128K(41984K)] 228452K->186980K(320512K), 0.0037418 secs] [Times: user=0.01 sys=0.00, real=0.00 secs] 
2017-03-21T07:20:36.205-0100: 43287.293: [GC (Allocation Failure) [PSYoungGen: 41600K->128K(41984K)] 228452K->186996K(320512K), 0.0030858 secs] [Times: user=0.00 sys=0.00, real=0.00 secs] 
2017-03-21T07:21:50.665-0100: 43361.754: [GC (Allocation Failure) [PSYoungGen: 41600K->128K(41984K)] 228468K->186996K(320512K), 0.0031734 secs] [Times: user=0.01 sys=0.00, real=0.00 secs] 
2017-03-21T07:23:06.169-0100: 43437.259: [GC (Allocation Failure) [PSYoungGen: 41600K->128K(41984K)] 228468K->186996K(320512K), 0.0039444 secs] [Times: user=0.01 sys=0.00, real=0.01 secs] 
2017-03-21T07:24:20.693-0100: 43511.784: [GC (Allocation Failure) [PSYoungGen: 41600K->128K(41984K)] 228468K->186996K(320512K), 0.0033606 secs] [Times: user=0.01 sys=0.00, real=0.00 secs] 
2017-03-21T07:25:35.268-0100: 43586.361: [GC (Allocation Failure) [PSYoungGen: 41600K->160K(41984K)] 228468K->187028K(320512K), 0.0044999 secs] [Times: user=0.01 sys=0.00, real=0.01 secs] 
2017-03-21T07:26:49.747-0100: 43660.841: [GC (Allocation Failure) [PSYoungGen: 41632K->128K(41984K)] 228500K->186996K(320512K), 0.0031219 secs] [Times: user=0.01 sys=0.01, real=0.01 secs] 
2017-03-21T07:28:05.259-0100: 43736.355: [GC (Allocation Failure) [PSYoungGen: 41600K->128K(41984K)] 228468K->186996K(320512K), 0.0038086 secs] [Times: user=0.01 sys=0.00, real=0.01 secs] 
2017-03-21T07:29:19.700-0100: 43810.797: [GC (Allocation Failure) [PSYoungGen: 41600K->128K(41984K)] 228468K->186996K(320512K), 0.0033512 secs] [Times: user=0.00 sys=0.00, real=0.00 secs] 
2017-03-21T07:30:34.180-0100: 43885.279: [GC (Allocation Failure) [PSYoungGen: 41600K->128K(41984K)] 228468K->186996K(320512K), 0.0031667 secs] [Times: user=0.01 sys=0.00, real=0.00 secs] 
2017-03-21T07:31:48.707-0100: 43959.807: [GC (Allocation Failure) [PSYoungGen: 41600K->128K(41984K)] 228468K->187004K(320512K), 0.0032403 secs] [Times: user=0.01 sys=0.01, real=0.01 secs] 
2017-03-21T07:33:04.260-0100: 44035.361: [GC (Allocation Failure) [PSYoungGen: 41600K->128K(41984K)] 228476K->187004K(320512K), 0.0041554 secs] [Times: user=0.01 sys=0.00, real=0.00 secs] 
2017-03-21T07:34:18.741-0100: 44109.843: [GC (Allocation Failure) [PSYoungGen: 41600K->128K(41984K)] 228476K->187004K(320512K), 0.0033089 secs] [Times: user=0.01 sys=0.00, real=0.00 secs] 
2017-03-21T07:35:33.301-0100: 44184.405: [GC (Allocation Failure) [PSYoungGen: 41600K->160K(41984K)] 228476K->187036K(320512K), 0.0031284 secs] [Times: user=0.00 sys=0.00, real=0.00 secs] 
2017-03-21T07:36:48.785-0100: 44259.890: [GC (Allocation Failure) [PSYoungGen: 41632K->128K(41984K)] 228508K->187004K(320512K), 0.0040493 secs] [Times: user=0.01 sys=0.00, real=0.01 secs] 
2017-03-21T07:38:03.255-0100: 44334.361: [GC (Allocation Failure) [PSYoungGen: 41600K->64K(41984K)] 228476K->186940K(320512K), 0.0036948 secs] [Times: user=0.01 sys=0.00, real=0.00 secs] 
2017-03-21T07:39:17.772-0100: 44408.880: [GC (Allocation Failure) [PSYoungGen: 41536K->128K(41984K)] 228412K->187004K(320512K), 0.0034759 secs] [Times: user=0.01 sys=0.00, real=0.00 secs] 
2017-03-21T07:40:32.257-0100: 44483.366: [GC (Allocation Failure) [PSYoungGen: 41600K->160K(41984K)] 228476K->187036K(320512K), 0.0033466 secs] [Times: user=0.01 sys=0.00, real=0.01 secs] 
2017-03-21T07:41:47.818-0100: 44558.928: [GC (Allocation Failure) [PSYoungGen: 41632K->128K(41984K)] 228508K->187004K(320512K), 0.0039766 secs] [Times: user=0.01 sys=0.00, real=0.01 secs] 
2017-03-21T07:43:02.398-0100: 44633.510: [GC (Allocation Failure) [PSYoungGen: 41600K->128K(41984K)] 228476K->187012K(320512K), 0.0037896 secs] [Times: user=0.01 sys=0.00, real=0.01 secs] 
2017-03-21T07:44:16.913-0100: 44708.026: [GC (Allocation Failure) [PSYoungGen: 41600K->128K(41984K)] 228484K->187012K(320512K), 0.0031346 secs] [Times: user=0.01 sys=0.00, real=0.00 secs] 
2017-03-21T07:45:31.377-0100: 44782.492: [GC (Allocation Failure) [PSYoungGen: 41600K->160K(41984K)] 228484K->187044K(320512K), 0.0035310 secs] [Times: user=0.01 sys=0.00, real=0.01 secs] 
2017-03-21T07:46:46.865-0100: 44857.981: [GC (Allocation Failure) [PSYoungGen: 41632K->128K(41984K)] 228516K->187012K(320512K), 0.0044343 secs] [Times: user=0.01 sys=0.00, real=0.01 secs] 
2017-03-21T07:48:00.382-0100: 44931.499: [GC (Allocation Failure) [PSYoungGen: 41600K->128K(41984K)] 228484K->187012K(320512K), 0.0129721 secs] [Times: user=0.00 sys=0.00, real=0.01 secs] 
2017-03-21T07:49:15.701-0100: 45006.819: [GC (Allocation Failure) [PSYoungGen: 41600K->128K(41984K)] 228484K->187012K(320512K), 0.0039498 secs] [Times: user=0.01 sys=0.00, real=0.00 secs] 
2017-03-21T07:50:30.198-0100: 45081.317: [GC (Allocation Failure) [PSYoungGen: 41600K->128K(41984K)] 228484K->187012K(320512K), 0.0031750 secs] [Times: user=0.01 sys=0.00, real=0.01 secs] 
2017-03-21T07:51:44.747-0100: 45155.868: [GC (Allocation Failure) [PSYoungGen: 41600K->128K(41984K)] 228484K->187012K(320512K), 0.0032392 secs] [Times: user=0.00 sys=0.00, real=0.01 secs] 
2017-03-21T07:53:00.276-0100: 45231.398: [GC (Allocation Failure) [PSYoungGen: 41600K->96K(41984K)] 228484K->186980K(320512K), 0.0034273 secs] [Times: user=0.01 sys=0.00, real=0.01 secs] 
2017-03-21T07:54:14.732-0100: 45305.856: [GC (Allocation Failure) [PSYoungGen: 41568K->128K(41984K)] 228452K->187028K(320512K), 0.0034550 secs] [Times: user=0.01 sys=0.00, real=0.00 secs] 
2017-03-21T07:55:29.168-0100: 45380.293: [GC (Allocation Failure) [PSYoungGen: 41600K->128K(41984K)] 228500K->187028K(320512K), 0.0030702 secs] [Times: user=0.00 sys=0.00, real=0.01 secs] 
2017-03-21T07:56:43.624-0100: 45454.750: [GC (Allocation Failure) [PSYoungGen: 41600K->128K(41984K)] 228500K->187028K(320512K), 0.0031111 secs] [Times: user=0.01 sys=0.00, real=0.00 secs] 
2017-03-21T07:57:57.174-0100: 45528.301: [GC (Allocation Failure) [PSYoungGen: 41600K->128K(41984K)] 228500K->187028K(320512K), 0.0038569 secs] [Times: user=0.00 sys=0.00, real=0.00 secs] 
2017-03-21T07:59:12.649-0100: 45603.778: [GC (Allocation Failure) [PSYoungGen: 41600K->128K(41984K)] 228500K->187028K(320512K), 0.0048609 secs] [Times: user=0.01 sys=0.00, real=0.01 secs] 
2017-03-21T08:00:27.178-0100: 45678.308: [GC (Allocation Failure) [PSYoungGen: 41600K->128K(41984K)] 228500K->187028K(320512K), 0.0031844 secs] [Times: user=0.00 sys=0.00, real=0.01 secs] 
2017-03-21T08:01:41.682-0100: 45752.814: [GC (Allocation Failure) [PSYoungGen: 41600K->128K(41984K)] 228500K->187028K(320512K), 0.0030202 secs] [Times: user=0.00 sys=0.00, real=0.00 secs] 
2017-03-21T08:02:57.164-0100: 45828.296: [GC (Allocation Failure) [PSYoungGen: 41600K->128K(41984K)] 228500K->187028K(320512K), 0.0034997 secs] [Times: user=0.01 sys=0.00, real=0.00 secs] 
2017-03-21T08:04:11.489-0100: 45902.623: [GC (Allocation Failure) [PSYoungGen: 41600K->128K(41984K)] 228500K->187036K(320512K), 0.0044443 secs] [Times: user=0.01 sys=0.00, real=0.01 secs] 
2017-03-21T08:05:26.132-0100: 45977.267: [GC (Allocation Failure) [PSYoungGen: 41600K->128K(41984K)] 228508K->187036K(320512K), 0.0034809 secs] [Times: user=0.00 sys=0.00, real=0.00 secs] 
2017-03-21T08:06:40.697-0100: 46051.834: [GC (Allocation Failure) [PSYoungGen: 41600K->128K(41984K)] 228508K->187036K(320512K), 0.0030494 secs] [Times: user=0.00 sys=0.01, real=0.01 secs] 
2017-03-21T08:07:55.259-0100: 46126.397: [GC (Allocation Failure) [PSYoungGen: 41600K->160K(41984K)] 228508K->187068K(320512K), 0.0030605 secs] [Times: user=0.01 sys=0.00, real=0.01 secs] 
2017-03-21T08:09:10.821-0100: 46201.960: [GC (Allocation Failure) [PSYoungGen: 41632K->128K(41984K)] 228540K->187036K(320512K), 0.0040554 secs] [Times: user=0.01 sys=0.00, real=0.00 secs] 
2017-03-21T08:10:25.343-0100: 46276.483: [GC (Allocation Failure) [PSYoungGen: 41600K->128K(41984K)] 228508K->187036K(320512K), 0.0031391 secs] [Times: user=0.01 sys=0.00, real=0.00 secs] 
2017-03-21T08:11:39.804-0100: 46350.946: [GC (Allocation Failure) [PSYoungGen: 41600K->128K(41984K)] 228508K->187036K(320512K), 0.0030360 secs] [Times: user=0.00 sys=0.00, real=0.00 secs] 
2017-03-21T08:12:54.297-0100: 46425.440: [GC (Allocation Failure) [PSYoungGen: 41600K->128K(41984K)] 228508K->187036K(320512K), 0.0032262 secs] [Times: user=0.01 sys=0.00, real=0.01 secs] 
2017-03-21T08:14:09.818-0100: 46500.962: [GC (Allocation Failure) [PSYoungGen: 41600K->128K(41984K)] 228508K->187036K(320512K), 0.0039461 secs] [Times: user=0.01 sys=0.00, real=0.01 secs] 
2017-03-21T08:15:24.297-0100: 46575.443: [GC (Allocation Failure) [PSYoungGen: 41600K->128K(41984K)] 228508K->187044K(320512K), 0.0037245 secs] [Times: user=0.01 sys=0.00, real=0.01 secs] 
2017-03-21T08:16:38.777-0100: 46649.924: [GC (Allocation Failure) [PSYoungGen: 41600K->128K(41984K)] 228516K->187044K(320512K), 0.0031748 secs] [Times: user=0.01 sys=0.00, real=0.01 secs] 
2017-03-21T08:17:53.313-0100: 46724.461: [GC (Allocation Failure) [PSYoungGen: 41600K->128K(41984K)] 228516K->187044K(320512K), 0.0031249 secs] [Times: user=0.01 sys=0.00, real=0.00 secs] 
2017-03-21T08:19:08.860-0100: 46800.009: [GC (Allocation Failure) [PSYoungGen: 41600K->128K(41984K)] 228516K->187044K(320512K), 0.0038744 secs] [Times: user=0.01 sys=0.00, real=0.00 secs] 
2017-03-21T08:20:23.334-0100: 46874.484: [GC (Allocation Failure) [PSYoungGen: 41600K->128K(41984K)] 228516K->187044K(320512K), 0.0030255 secs] [Times: user=0.01 sys=0.00, real=0.00 secs] 
2017-03-21T08:21:37.721-0100: 46948.873: [GC (Allocation Failure) [PSYoungGen: 41600K->160K(41984K)] 228516K->187076K(320512K), 0.0033763 secs] [Times: user=0.01 sys=0.00, real=0.00 secs] 
2017-03-21T08:22:53.263-0100: 47024.416: [GC (Allocation Failure) [PSYoungGen: 41632K->96K(41984K)] 228548K->187012K(320512K), 0.0039035 secs] [Times: user=0.01 sys=0.00, real=0.00 secs] 
2017-03-21T08:24:07.795-0100: 47098.949: [GC (Allocation Failure) [PSYoungGen: 41568K->128K(41984K)] 228484K->187044K(320512K), 0.0038131 secs] [Times: user=0.01 sys=0.00, real=0.00 secs] 
2017-03-21T08:25:22.292-0100: 47173.448: [GC (Allocation Failure) [PSYoungGen: 41600K->128K(41984K)] 228516K->187044K(320512K), 0.0031238 secs] [Times: user=0.00 sys=0.00, real=0.00 secs] 
2017-03-21T08:26:36.511-0100: 47247.668: [GC (Allocation Failure) [PSYoungGen: 41600K->160K(41984K)] 228516K->187084K(320512K), 0.0033695 secs] [Times: user=0.01 sys=0.00, real=0.00 secs] 
2017-03-21T08:27:51.469-0100: 47322.628: [GC (Allocation Failure) [PSYoungGen: 41632K->128K(41984K)] 228556K->187052K(320512K), 0.0041050 secs] [Times: user=0.01 sys=0.00, real=0.01 secs] 
2017-03-21T08:29:05.434-0100: 47396.594: [GC (Allocation Failure) [PSYoungGen: 41600K->128K(41984K)] 228524K->187052K(320512K), 0.0032596 secs] [Times: user=0.01 sys=0.00, real=0.00 secs] 
2017-03-21T08:30:19.365-0100: 47470.526: [GC (Allocation Failure) [PSYoungGen: 41600K->128K(41984K)] 228524K->187052K(320512K), 0.0037717 secs] [Times: user=0.00 sys=0.00, real=0.00 secs] 
2017-03-21T08:31:33.302-0100: 47544.464: [GC (Allocation Failure) [PSYoungGen: 41600K->160K(41984K)] 228524K->187084K(320512K), 0.0035392 secs] [Times: user=0.00 sys=0.00, real=0.00 secs] 
2017-03-21T08:32:48.266-0100: 47619.430: [GC (Allocation Failure) [PSYoungGen: 41632K->128K(41984K)] 228556K->187052K(320512K), 0.0037782 secs] [Times: user=0.01 sys=0.00, real=0.01 secs] 
2017-03-21T08:34:02.210-0100: 47693.376: [GC (Allocation Failure) [PSYoungGen: 41600K->128K(41984K)] 228524K->187052K(320512K), 0.0132562 secs] [Times: user=0.01 sys=0.00, real=0.01 secs] 
2017-03-21T08:35:16.126-0100: 47767.292: [GC (Allocation Failure) [PSYoungGen: 41600K->128K(41984K)] 228524K->187052K(320512K), 0.0043070 secs] [Times: user=0.01 sys=0.00, real=0.01 secs] 
2017-03-21T08:36:31.038-0100: 47842.206: [GC (Allocation Failure) [PSYoungGen: 41600K->128K(41984K)] 228524K->187052K(320512K), 0.0044543 secs] [Times: user=0.01 sys=0.00, real=0.01 secs] 
2017-03-21T08:37:45.010-0100: 47916.179: [GC (Allocation Failure) [PSYoungGen: 41600K->128K(41984K)] 228524K->187060K(320512K), 0.0051118 secs] [Times: user=0.01 sys=0.00, real=0.00 secs] 
2017-03-21T08:38:57.937-0100: 47989.108: [GC (Allocation Failure) [PSYoungGen: 41600K->96K(41984K)] 228532K->187028K(320512K), 0.0036890 secs] [Times: user=0.01 sys=0.00, real=0.01 secs] 
2017-03-21T08:40:13.023-0100: 48064.194: [GC (Allocation Failure) [PSYoungGen: 41568K->96K(41984K)] 228500K->187028K(320512K), 0.0040068 secs] [Times: user=0.00 sys=0.00, real=0.00 secs] 
2017-03-21T08:41:27.435-0100: 48138.608: [GC (Allocation Failure) [PSYoungGen: 41568K->128K(41984K)] 228500K->187060K(320512K), 0.0033879 secs] [Times: user=0.00 sys=0.01, real=0.00 secs] 
2017-03-21T08:42:41.432-0100: 48212.606: [GC (Allocation Failure) [PSYoungGen: 41600K->128K(41984K)] 228532K->187060K(320512K), 0.0037571 secs] [Times: user=0.01 sys=0.00, real=0.00 secs] 
2017-03-21T08:43:56.354-0100: 48287.530: [GC (Allocation Failure) [PSYoungGen: 41600K->128K(41984K)] 228532K->187060K(320512K), 0.0044288 secs] [Times: user=0.01 sys=0.00, real=0.00 secs] 
2017-03-21T08:45:10.229-0100: 48361.406: [GC (Allocation Failure) [PSYoungGen: 41600K->128K(41984K)] 228532K->187060K(320512K), 0.0030035 secs] [Times: user=0.01 sys=0.00, real=0.01 secs] 
2017-03-21T08:46:24.155-0100: 48435.334: [GC (Allocation Failure) [PSYoungGen: 41600K->96K(41984K)] 228532K->187028K(320512K), 0.0033882 secs] [Times: user=0.01 sys=0.00, real=0.00 secs] 
2017-03-21T08:47:38.122-0100: 48509.302: [GC (Allocation Failure) [PSYoungGen: 41568K->128K(41984K)] 228500K->187060K(320512K), 0.0047811 secs] [Times: user=0.01 sys=0.00, real=0.00 secs] 
2017-03-21T08:48:53.071-0100: 48584.252: [GC (Allocation Failure) [PSYoungGen: 41600K->128K(41984K)] 228532K->187076K(320512K), 0.0035491 secs] [Times: user=0.01 sys=0.00, real=0.00 secs] 
2017-03-21T08:50:07.022-0100: 48658.204: [GC (Allocation Failure) [PSYoungGen: 41600K->128K(41984K)] 228548K->187076K(320512K), 0.0041707 secs] [Times: user=0.01 sys=0.00, real=0.00 secs] 
2017-03-21T08:51:20.993-0100: 48732.177: [GC (Allocation Failure) [PSYoungGen: 41600K->160K(41984K)] 228548K->187108K(320512K), 0.0034937 secs] [Times: user=0.01 sys=0.00, real=0.00 secs] 
2017-03-21T08:52:34.867-0100: 48806.053: [GC (Allocation Failure) [PSYoungGen: 41632K->128K(41984K)] 228580K->187076K(320512K), 0.0036044 secs] [Times: user=0.00 sys=0.00, real=0.01 secs] 
2017-03-21T08:53:48.831-0100: 48880.018: [GC (Allocation Failure) [PSYoungGen: 41600K->128K(41984K)] 228548K->187076K(320512K), 0.0041191 secs] [Times: user=0.01 sys=0.00, real=0.00 secs] 
2017-03-21T08:55:02.790-0100: 48953.978: [GC (Allocation Failure) [PSYoungGen: 41600K->128K(41984K)] 228548K->187084K(320512K), 0.0039485 secs] [Times: user=0.01 sys=0.00, real=0.00 secs] 
2017-03-21T08:56:16.846-0100: 49028.036: [GC (Allocation Failure) [PSYoungGen: 41600K->160K(41984K)] 228556K->187116K(320512K), 0.0036258 secs] [Times: user=0.01 sys=0.00, real=0.01 secs] 
2017-03-21T08:57:31.803-0100: 49102.994: [GC (Allocation Failure) [PSYoungGen: 41632K->128K(41984K)] 228588K->187084K(320512K), 0.0037074 secs] [Times: user=0.01 sys=0.00, real=0.00 secs] 
2017-03-21T08:58:45.766-0100: 49176.957: [GC (Allocation Failure) [PSYoungGen: 41600K->128K(41984K)] 228556K->187084K(320512K), 0.0039331 secs] [Times: user=0.01 sys=0.00, real=0.00 secs] 
2017-03-21T08:59:59.751-0100: 49250.944: [GC (Allocation Failure) [PSYoungGen: 41600K->128K(41984K)] 228556K->187092K(320512K), 0.0040848 secs] [Times: user=0.01 sys=0.00, real=0.00 secs] 
2017-03-21T09:01:13.666-0100: 49324.861: [GC (Allocation Failure) [PSYoungGen: 41600K->128K(41984K)] 228564K->187092K(320512K), 0.0043804 secs] [Times: user=0.01 sys=0.00, real=0.01 secs]
2017-03-21T14:51:57.556-0100: 99326.058: [GC (System.gc()) [PSYoungGen: 83185K->13696K(479744K)] 124100K->54619K(614400K), 0.0231767 secs] [Times: user=0.06 sys=0.02, real=0.02 secs]
2017-03-21T14:51:57.579-0100: 99326.081: [Full GC (System.gc()) [PSYoungGen: 13696K->0K(479744K)] [ParOldGen: 40923K->40983K(134656K)] 54619K->40983K(614400K), [Metaspace: 70300K->70300K(1112064K)], 0.3561719 secs] [Times: user=0.80 sys=0.11, real=0.36 secs]

Heap
 PSYoungGen      total 41984K, used 20884K [0x0000000795580000, 0x000000079f100000, 0x00000007c0000000)
  eden space 41472K, 50% used [0x0000000795580000,0x00000007969c5268,0x0000000797e00000)
  from space 512K, 25% used [0x000000079f000000,0x000000079f020000,0x000000079f080000)
  to   space 512K, 0% used [0x000000079f080000,0x000000079f080000,0x000000079f100000)
 ParOldGen       total 278528K, used 186964K [0x0000000740000000, 0x0000000751000000, 0x0000000795580000)
  object space 278528K, 67% used [0x0000000740000000,0x000000074b695358,0x0000000751000000)
 Metaspace       used 78978K, capacity 80072K, committed 81664K, reserved 1120256K
  class space    used 9501K, capacity 9712K, committed 9984K, reserved 1048576K
